Component: ARM Compiler 5.06 update 1 (build 61) Tool: armlink [4d35a8]

==============================================================================

Section Cross References

    stm32f1xx_hal_pwr.o(i.HAL_PWR_EnterSTOPMode) refers to stm32f1xx_hal_pwr.o(i.PWR_OverloadWfe) for PWR_OverloadWfe
    stm32f1xx_hal_pwr.o(i.HAL_PWR_PVD_IRQHandler) refers to stm32f1xx_hal_pwr.o(i.HAL_PWR_PVDCallback) for HAL_PWR_PVDCallback
    stm32f1xx_hal_rcc.o(i.HAL_RCC_ClockConfig) refers to stm32f1xx_hal.o(i.HAL_GetTick) for HAL_GetTick
    stm32f1xx_hal_rcc.o(i.HAL_RCC_ClockConfig) refers to stm32f1xx_hal.o(i.HAL_InitTick) for HAL_InitTick
    stm32f1xx_hal_rcc.o(i.HAL_RCC_GetHCLKFreq) refers to stm32f1xx_hal_rcc.o(i.HAL_RCC_GetSysClockFreq) for HAL_RCC_GetSysClockFreq
    stm32f1xx_hal_rcc.o(i.HAL_RCC_GetHCLKFreq) refers to stm32f1xx_hal_rcc.o(.constdata) for .constdata
    stm32f1xx_hal_rcc.o(i.HAL_RCC_GetHCLKFreq) refers to system_stm32f1xx.o(.data) for SystemCoreClock
    stm32f1xx_hal_rcc.o(i.HAL_RCC_GetPCLK1Freq) refers to stm32f1xx_hal_rcc.o(i.HAL_RCC_GetHCLKFreq) for HAL_RCC_GetHCLKFreq
    stm32f1xx_hal_rcc.o(i.HAL_RCC_GetPCLK1Freq) refers to stm32f1xx_hal_rcc.o(.constdata) for .constdata
    stm32f1xx_hal_rcc.o(i.HAL_RCC_GetPCLK2Freq) refers to stm32f1xx_hal_rcc.o(i.HAL_RCC_GetHCLKFreq) for HAL_RCC_GetHCLKFreq
    stm32f1xx_hal_rcc.o(i.HAL_RCC_GetPCLK2Freq) refers to stm32f1xx_hal_rcc.o(.constdata) for .constdata
    stm32f1xx_hal_rcc.o(i.HAL_RCC_MCOConfig) refers to stm32f1xx_hal_gpio.o(i.HAL_GPIO_Init) for HAL_GPIO_Init
    stm32f1xx_hal_rcc.o(i.HAL_RCC_NMI_IRQHandler) refers to stm32f1xx_hal_rcc.o(i.HAL_RCC_CSSCallback) for HAL_RCC_CSSCallback
    stm32f1xx_hal_rcc.o(i.HAL_RCC_OscConfig) refers to stm32f1xx_hal.o(i.HAL_GetTick) for HAL_GetTick
    stm32f1xx_hal_rcc.o(i.HAL_RCC_OscConfig) refers to stm32f1xx_hal.o(i.HAL_Delay) for HAL_Delay
    stm32f1xx_hal_rcc_ex.o(i.HAL_RCCEx_GetPeriphCLKFreq) refers to stm32f1xx_hal_rcc.o(i.HAL_RCC_GetPCLK2Freq) for HAL_RCC_GetPCLK2Freq
    stm32f1xx_hal_rcc_ex.o(i.HAL_RCCEx_PeriphCLKConfig) refers to stm32f1xx_hal.o(i.HAL_GetTick) for HAL_GetTick
    stm32f1xx_hal.o(i.HAL_DeInit) refers to stm32f1xx_hal.o(i.HAL_MspDeInit) for HAL_MspDeInit
    stm32f1xx_hal.o(i.HAL_Delay) refers to stm32f1xx_hal.o(i.HAL_GetTick) for HAL_GetTick
    stm32f1xx_hal.o(i.HAL_GetTick) refers to stm32f1xx_hal.o(.data) for .data
    stm32f1xx_hal.o(i.HAL_IncTick) refers to stm32f1xx_hal.o(.data) for .data
    stm32f1xx_hal.o(i.HAL_Init) refers to stm32f1xx_hal_cortex.o(i.HAL_NVIC_SetPriorityGrouping) for HAL_NVIC_SetPriorityGrouping
    stm32f1xx_hal.o(i.HAL_Init) refers to stm32f1xx_hal.o(i.HAL_InitTick) for HAL_InitTick
    stm32f1xx_hal.o(i.HAL_Init) refers to stm32f1xx_hal_msp.o(i.HAL_MspInit) for HAL_MspInit
    stm32f1xx_hal.o(i.HAL_InitTick) refers to stm32f1xx_hal_rcc.o(i.HAL_RCC_GetHCLKFreq) for HAL_RCC_GetHCLKFreq
    stm32f1xx_hal.o(i.HAL_InitTick) refers to stm32f1xx_hal_cortex.o(i.HAL_SYSTICK_Config) for HAL_SYSTICK_Config
    stm32f1xx_hal.o(i.HAL_InitTick) refers to stm32f1xx_hal_cortex.o(i.HAL_NVIC_SetPriority) for HAL_NVIC_SetPriority
    stm32f1xx_hal_dma.o(i.HAL_DMA_Abort) refers to stm32f1xx_hal.o(i.HAL_GetTick) for HAL_GetTick
    stm32f1xx_hal_dma.o(i.HAL_DMA_PollForTransfer) refers to stm32f1xx_hal.o(i.HAL_GetTick) for HAL_GetTick
    stm32f1xx_hal_dma.o(i.HAL_DMA_Start) refers to stm32f1xx_hal_dma.o(i.DMA_SetConfig) for DMA_SetConfig
    stm32f1xx_hal_dma.o(i.HAL_DMA_Start_IT) refers to stm32f1xx_hal_dma.o(i.DMA_SetConfig) for DMA_SetConfig
    stm32f1xx_hal_tim_ex.o(i.HAL_TIMEx_ConfigCommutationEvent_DMA) refers to stm32f1xx_hal_tim_ex.o(i.TIMEx_DMACommutationCplt) for TIMEx_DMACommutationCplt
    stm32f1xx_hal_tim_ex.o(i.HAL_TIMEx_ConfigCommutationEvent_DMA) refers to stm32f1xx_hal_tim.o(i.TIM_DMAError) for TIM_DMAError
    stm32f1xx_hal_tim_ex.o(i.HAL_TIMEx_HallSensor_DeInit) refers to stm32f1xx_hal_tim_ex.o(i.HAL_TIMEx_HallSensor_MspDeInit) for HAL_TIMEx_HallSensor_MspDeInit
    stm32f1xx_hal_tim_ex.o(i.HAL_TIMEx_HallSensor_Init) refers to stm32f1xx_hal_tim_ex.o(i.HAL_TIMEx_HallSensor_MspInit) for HAL_TIMEx_HallSensor_MspInit
    stm32f1xx_hal_tim_ex.o(i.HAL_TIMEx_HallSensor_Init) refers to stm32f1xx_hal_tim.o(i.TIM_Base_SetConfig) for TIM_Base_SetConfig
    stm32f1xx_hal_tim_ex.o(i.HAL_TIMEx_HallSensor_Init) refers to stm32f1xx_hal_tim.o(i.TIM_TI1_SetConfig) for TIM_TI1_SetConfig
    stm32f1xx_hal_tim_ex.o(i.HAL_TIMEx_HallSensor_Init) refers to stm32f1xx_hal_tim.o(i.TIM_OC2_SetConfig) for TIM_OC2_SetConfig
    stm32f1xx_hal_tim_ex.o(i.HAL_TIMEx_HallSensor_Start) refers to stm32f1xx_hal_tim.o(i.TIM_CCxChannelCmd) for TIM_CCxChannelCmd
    stm32f1xx_hal_tim_ex.o(i.HAL_TIMEx_HallSensor_Start_DMA) refers to stm32f1xx_hal_tim.o(i.TIM_CCxChannelCmd) for TIM_CCxChannelCmd
    stm32f1xx_hal_tim_ex.o(i.HAL_TIMEx_HallSensor_Start_DMA) refers to stm32f1xx_hal_dma.o(i.HAL_DMA_Start_IT) for HAL_DMA_Start_IT
[...]
    user_usart.o(i.SavingUSART1RecCmd_To_Memory) refers to user_usart.o(i.SavingUSARTxRecCmd_Buff_To_Memory) for SavingUSARTxRecCmd_Buff_To_Memory
    user_usart.o(i.SavingUSART1RecCmd_To_Memory) refers to user_usart.o(.data) for .data
    user_usart.o(i.SavingUSART1RecCmd_To_Memory) refers to user_usart.o(.bss) for .bss
    user_usart.o(i.SavingUSART1RecCmd_To_Memory_Handle) refers to user_usart.o(i.SavingUSART1RecCmd_To_Memory) for SavingUSART1RecCmd_To_Memory
    user_usart.o(i.SavingUSART1RecCmd_To_Memory_Handle) refers to user_usart.o(.data) for .data
    user_usart.o(i.SavingUSART2RecCmd_To_Memory) refers to user_usart.o(i.SavingUSARTxRecCmd_Buff_To_Memory) for SavingUSARTxRecCmd_Buff_To_Memory
    user_usart.o(i.SavingUSART2RecCmd_To_Memory) refers to user_usart.o(.data) for .data
    user_usart.o(i.SavingUSART2RecCmd_To_Memory) refers to user_usart.o(.bss) for .bss
    user_usart.o(i.SavingUSART2RecCmd_To_Memory_Handle) refers to user_usart.o(i.SavingUSART2RecCmd_To_Memory) for SavingUSART2RecCmd_To_Memory
    user_usart.o(i.SavingUSART2RecCmd_To_Memory_Handle) refers to user_usart.o(.data) for .data
    user_usart.o(i.USART1Checked_MemoryVali_Handle) refers to crc16.o(i.CRC16) for CRC16
    user_usart.o(i.USART1Checked_MemoryVali_Handle) refers to user_usart.o(.data) for .data
    user_usart.o(i.USART1Cmd_Analys_Func) refers to stm32f1xx_hal_uart.o(i.HAL_UART_Transmit_IT) for HAL_UART_Transmit_IT
    user_usart.o(i.USART1Cmd_Analys_Func) refers to lockinfo.o(i.LockOpenFunc) for LockOpenFunc
    user_usart.o(i.USART1Cmd_Analys_Func) refers to lockinfo.o(i.LockClosedFunc) for LockClosedFunc
    user_usart.o(i.USART1Cmd_Analys_Func) refers to lockinfo.o(i.ReadDoorLockStaFunc) for ReadDoorLockStaFunc
    user_usart.o(i.USART1Cmd_Analys_Func) refers to crc16.o(i.CRC16) for CRC16
    user_usart.o(i.USART1Cmd_Analys_Func) refers to lockinfo.o(i.NewStationFunc) for NewStationFunc
    user_usart.o(i.USART1Cmd_Analys_Func) refers to stm32f1xx_hal.o(i.HAL_Delay) for HAL_Delay
    user_usart.o(i.USART1Cmd_Analys_Func) refers to user_usart.o(.data) for .data
    user_usart.o(i.USART1Cmd_Analys_Func) refers to usart.o(.bss) for huart1
    user_usart.o(i.USART1Cmd_Analys_Handle) refers to user_usart.o(i.USART1Checked_MemoryVali_Handle) for USART1Checked_MemoryVali_Handle
    user_usart.o(i.USART1Cmd_Analys_Handle) refers to user_usart.o(i.USART1Cmd_Analys_Func) for USART1Cmd_Analys_Func
    user_usart.o(i.USART1Cmd_Analys_Handle) refers to user_usart.o(.data) for .data
    user_usart.o(i.USART1Cmd_Analys_Handle) refers to user_usart.o(.bss) for .bss
    user_usart.o(i.USART2Checked_MemoryVali_Handle) refers to crc16.o(i.CRC16) for CRC16
    user_usart.o(i.USART2Checked_MemoryVali_Handle) refers to user_usart.o(.data) for .data
    user_usart.o(i.USART2Cmd_Analys_Func) refers to stm32f1xx_hal_uart.o(i.HAL_UART_Transmit_IT) for HAL_UART_Transmit_IT
    user_usart.o(i.USART2Cmd_Analys_Func) refers to lockinfo.o(i.LockOpenFunc) for LockOpenFunc
    user_usart.o(i.USART2Cmd_Analys_Func) refers to lockinfo.o(i.LockClosedFunc) for LockClosedFunc
    user_usart.o(i.USART2Cmd_Analys_Func) refers to lockinfo.o(i.ReadDoorLockStaFunc) for ReadDoorLockStaFunc
    user_usart.o(i.USART2Cmd_Analys_Func) refers to crc16.o(i.CRC16) for CRC16
    user_usart.o(i.USART2Cmd_Analys_Func) refers to lockinfo.o(i.NewStationFunc) for NewStationFunc
    user_usart.o(i.USART2Cmd_Analys_Func) refers to user_usart.o(.data) for .data
    user_usart.o(i.USART2Cmd_Analys_Func) refers to usart.o(.bss) for huart2
    user_usart.o(i.USART2Cmd_Analys_Handle) refers to user_usart.o(i.USART2Checked_MemoryVali_Handle) for USART2Checked_MemoryVali_Handle
    user_usart.o(i.USART2Cmd_Analys_Handle) refers to user_usart.o(i.USART2Cmd_Analys_Func) for USART2Cmd_Analys_Func
    user_usart.o(i.USART2Cmd_Analys_Handle) refers to user_usart.o(.data) for .data
    user_usart.o(i.USART2Cmd_Analys_Handle) refers to user_usart.o(.bss) for .bss
    user_flash.o(i.Flash_Write_UserCode) refers to stm32f1xx_hal_flash.o(i.HAL_FLASH_Unlock) for HAL_FLASH_Unlock
    user_flash.o(i.Flash_Write_UserCode) refers to user_flash.o(i.GetSector) for GetSector
    user_flash.o(i.Flash_Write_UserCode) refers to stm32f1xx_hal_flash_ex.o(i.HAL_FLASHEx_Erase) for HAL_FLASHEx_Erase
    user_flash.o(i.Flash_Write_UserCode) refers to stm32f1xx_hal_flash.o(i.HAL_FLASH_Program) for HAL_FLASH_Program
    user_flash.o(i.Flash_Write_UserCode) refers to stm32f1xx_hal_flash.o(i.HAL_FLASH_Lock) for HAL_FLASH_Lock
    startup_stm32f103xb.o(RESET) refers to startup_stm32f103xb.o(STACK) for __initial_sp
    startup_stm32f103xb.o(RESET) refers to startup_stm32f103xb.o(.text) for Reset_Handler
    startup_stm32f103xb.o(RESET) refers to stm32f1xx_it.o(i.NMI_Handler) for NMI_Handler
    startup_stm32f103xb.o(RESET) refers to stm32f1xx_it.o(i.HardFault_Handler) for HardFault_Handler
    startup_stm32f103xb.o(RESET) refers to stm32f1xx_it.o(i.MemManage_Handler) for MemManage_Handler
    startup_stm32f103xb.o(RESET) refers to stm32f1xx_it.o(i.BusFault_Handler) for BusFault_Handler
    startup_stm32f103xb.o(RESET) refers to stm32f1xx_it.o(i.UsageFault_Handler) for UsageFault_Handler
    startup_stm32f103xb.o(RESET) refers to stm32f1xx_it.o(i.DebugMon_Handler) for DebugMon_Handler
    startup_stm32f103xb.o(RESET) refers to stm32f1xx_it.o(i.SysTick_Handler) for SysTick_Handler
    startup_stm32f103xb.o(RESET) refers to stm32f1xx_it.o(i.EXTI0_IRQHandler) for EXTI0_IRQHandler
    startup_stm32f103xb.o(RESET) refers to stm32f1xx_it.o(i.TIM2_IRQHandler) for TIM2_IRQHandler
    startup_stm32f103xb.o(RESET) refers to stm32f1xx_it.o(i.TIM3_IRQHandler) for TIM3_IRQHandler
    startup_stm32f103xb.o(RESET) refers to stm32f1xx_it.o(i.USART1_IRQHandler) for USART1_IRQHandler
    startup_stm32f103xb.o(RESET) refers to stm32f1xx_it.o(i.USART2_IRQHandler) for USART2_IRQHandler
    startup_stm32f103xb.o(.text) refers to system_stm32f1xx.o(i.SystemInit) for SystemInit
    startup_stm32f103xb.o(.text) refers to entry.o(.ARM.Collect$$$$00000000) for __main
    entry.o(.ARM.Collect$$$$00000000) refers (Special) to entry10a.o(.ARM.Collect$$$$0000000D) for __rt_final_cpp
    entry.o(.ARM.Collect$$$$00000000) refers (Special) to entry11a.o(.ARM.Collect$$$$0000000F) for __rt_final_exit
    entry.o(.ARM.Collect$$$$00000000) refers (Special) to entry7b.o(.ARM.Collect$$$$00000008) for _main_clock
    entry.o(.ARM.Collect$$$$00000000) refers (Special) to entry8b.o(.ARM.Collect$$$$0000000A) for _main_cpp_init
    entry.o(.ARM.Collect$$$$00000000) refers (Special) to entry9a.o(.ARM.Collect$$$$0000000B) for _main_init
    entry.o(.ARM.Collect$$$$00000000) refers (Special) to entry5.o(.ARM.Collect$$$$00000004) for _main_scatterload
    entry.o(.ARM.Collect$$$$00000000) refers (Special) to entry2.o(.ARM.Collect$$$$00000001) for _main_stk
    entry2.o(.ARM.Collect$$$$00000001) refers to entry2.o(.ARM.Collect$$$$00002712) for __lit__00000000
    entry2.o(.ARM.Collect$$$$00002712) refers to startup_stm32f103xb.o(STACK) for __initial_sp
    entry2.o(__vectab_stack_and_reset_area) refers to startup_stm32f103xb.o(STACK) for __initial_sp
    entry2.o(__vectab_stack_and_reset_area) refers to entry.o(.ARM.Collect$$$$00000000) for __main
    entry5.o(.ARM.Collect$$$$00000004) refers to init.o(.text) for __scatterload
    entry9a.o(.ARM.Collect$$$$0000000B) refers to main.o(i.main) for main
    entry9b.o(.ARM.Collect$$$$0000000C) refers to main.o(i.main) for main
    init.o(.text) refers to entry5.o(.ARM.Collect$$$$00000004) for __main_after_scatterload


==============================================================================

Removing Unused input sections from the image.

    Removing stm32f1xx_hal_pwr.o(.rev16_text), (4 bytes).
    Removing stm32f1xx_hal_pwr.o(.revsh_text), (4 bytes).
    Removing stm32f1xx_hal_pwr.o(.rrx_text), (6 bytes).
    Removing stm32f1xx_hal_pwr.o(i.HAL_PWR_ConfigPVD), (124 bytes).
    Removing stm32f1xx_hal_pwr.o(i.HAL_PWR_DeInit), (24 bytes).
    Removing stm32f1xx_hal_pwr.o(i.HAL_PWR_DisableBkUpAccess), (28 bytes).
    Removing stm32f1xx_hal_pwr.o(i.HAL_PWR_DisablePVD), (24 bytes).
    Removing stm32f1xx_hal_pwr.o(i.HAL_PWR_DisableSEVOnPend), (16 bytes).
    Removing stm32f1xx_hal_pwr.o(i.HAL_PWR_DisableSleepOnExit), (16 bytes).
    Removing stm32f1xx_hal_pwr.o(i.HAL_PWR_DisableWakeUpPin), (28 bytes).
    Removing stm32f1xx_hal_pwr.o(i.HAL_PWR_EnableBkUpAccess), (24 bytes).
    Removing stm32f1xx_hal_pwr.o(i.HAL_PWR_EnablePVD), (24 bytes).
    Removing stm32f1xx_hal_pwr.o(i.HAL_PWR_EnableSEVOnPend), (16 bytes).
    Removing stm32f1xx_hal_pwr.o(i.HAL_PWR_EnableSleepOnExit), (16 bytes).
    Removing stm32f1xx_hal_pwr.o(i.HAL_PWR_EnableWakeUpPin), (28 bytes).
    Removing stm32f1xx_hal_pwr.o(i.HAL_PWR_EnterSLEEPMode), (32 bytes).
    Removing stm32f1xx_hal_pwr.o(i.HAL_PWR_EnterSTANDBYMode), (32 bytes).
    Removing stm32f1xx_hal_pwr.o(i.HAL_PWR_EnterSTOPMode), (68 bytes).
    Removing stm32f1xx_hal_pwr.o(i.HAL_PWR_PVDCallback), (2 bytes).
    Removing stm32f1xx_hal_pwr.o(i.HAL_PWR_PVD_IRQHandler), (28 bytes).
    Removing stm32f1xx_hal_pwr.o(i.PWR_OverloadWfe), (6 bytes).
    Removing stm32f1xx_hal_rcc.o(.rev16_text), (4 bytes).
    Removing stm32f1xx_hal_rcc.o(.revsh_text), (4 bytes).
    Removing stm32f1xx_hal_rcc.o(.rrx_text), (6 bytes).
    Removing stm32f1xx_hal_rcc.o(i.HAL_RCC_CSSCallback), (2 bytes).
    Removing stm32f1xx_hal_rcc.o(i.HAL_RCC_DeInit), (68 bytes).
    Removing stm32f1xx_hal_rcc.o(i.HAL_RCC_DisableCSS), (28 bytes).
    Removing stm32f1xx_hal_rcc.o(i.HAL_RCC_EnableCSS), (24 bytes).
    Removing stm32f1xx_hal_rcc.o(i.HAL_RCC_GetClockConfig), (64 bytes).
    Removing stm32f1xx_hal_rcc.o(i.HAL_RCC_GetOscConfig), (156 bytes).
    Removing stm32f1xx_hal_rcc.o(i.HAL_RCC_MCOConfig), (72 bytes).
    Removing stm32f1xx_hal_rcc.o(i.HAL_RCC_NMI_IRQHandler), (24 bytes).
    Removing stm32f1xx_hal_rcc_ex.o(.rev16_text), (4 bytes).
    Removing stm32f1xx_hal_rcc_ex.o(.revsh_text), (4 bytes).
    Removing stm32f1xx_hal_rcc_ex.o(.rrx_text), (6 bytes).
    Removing stm32f1xx_hal_rcc_ex.o(i.HAL_RCCEx_GetPeriphCLKConfig), (44 bytes).
    Removing stm32f1xx_hal_rcc_ex.o(i.HAL_RCCEx_GetPeriphCLKFreq), (240 bytes).
    Removing stm32f1xx_hal_rcc_ex.o(i.HAL_RCCEx_PeriphCLKConfig), (296 bytes).
    Removing stm32f1xx_hal.o(.rev16_text), (4 bytes).
    Removing stm32f1xx_hal.o(.revsh_text), (4 bytes).
    Removing stm32f1xx_hal.o(.rrx_text), (6 bytes).
    Removing stm32f1xx_hal.o(i.HAL_DBGMCU_DisableDBGSleepMode), (16 bytes).
    Removing stm32f1xx_hal.o(i.HAL_DBGMCU_DisableDBGStandbyMode), (16 bytes).
    Removing stm32f1xx_hal.o(i.HAL_DBGMCU_DisableDBGStopMode), (16 bytes).
    Removing stm32f1xx_hal.o(i.HAL_DBGMCU_EnableDBGSleepMode), (16 bytes).
    Removing stm32f1xx_hal.o(i.HAL_DBGMCU_EnableDBGStandbyMode), (16 bytes).
    Removing stm32f1xx_hal.o(i.HAL_DBGMCU_EnableDBGStopMode), (16 bytes).
    Removing stm32f1xx_hal.o(i.HAL_DeInit), (32 bytes).
    Removing stm32f1xx_hal.o(i.HAL_GetDEVID), (16 bytes).
    Removing stm32f1xx_hal.o(i.HAL_GetHalVersion), (8 bytes).
    Removing stm32f1xx_hal.o(i.HAL_GetREVID), (28 bytes).
    Removing stm32f1xx_hal.o(i.HAL_MspDeInit), (2 bytes).
    Removing stm32f1xx_hal.o(i.HAL_MspInit), (2 bytes).
    Removing stm32f1xx_hal.o(i.HAL_ResumeTick), (14 bytes).
    Removing stm32f1xx_hal.o(i.HAL_SuspendTick), (14 bytes).
    Removing stm32f1xx_hal_dma.o(.rev16_text), (4 bytes).
    Removing stm32f1xx_hal_dma.o(.revsh_text), (4 bytes).
    Removing stm32f1xx_hal_dma.o(.rrx_text), (6 bytes).
    Removing stm32f1xx_hal_dma.o(i.DMA_SetConfig), (30 bytes).
    Removing stm32f1xx_hal_dma.o(i.HAL_DMA_Abort), (86 bytes).
    Removing stm32f1xx_hal_dma.o(i.HAL_DMA_DeInit), (296 bytes).
    Removing stm32f1xx_hal_dma.o(i.HAL_DMA_GetError), (4 bytes).
    Removing stm32f1xx_hal_dma.o(i.HAL_DMA_GetState), (6 bytes).
    Removing stm32f1xx_hal_dma.o(i.HAL_DMA_IRQHandler), (620 bytes).
    Removing stm32f1xx_hal_dma.o(i.HAL_DMA_Init), (80 bytes).
    Removing stm32f1xx_hal_dma.o(i.HAL_DMA_PollForTransfer), (572 bytes).
    Removing stm32f1xx_hal_dma.o(i.HAL_DMA_Start), (58 bytes).
    Removing stm32f1xx_hal_dma.o(i.HAL_DMA_Start_IT), (88 bytes).
    Removing stm32f1xx_hal_tim_ex.o(.rev16_text), (4 bytes).
    Removing stm32f1xx_hal_tim_ex.o(.revsh_text), (4 bytes).
    Removing stm32f1xx_hal_tim_ex.o(.rrx_text), (6 bytes).
    Removing stm32f1xx_hal_tim_ex.o(i.HAL_TIMEx_ConfigBreakDeadTime), (66 bytes).
    Removing stm32f1xx_hal_tim_ex.o(i.HAL_TIMEx_ConfigCommutationEvent), (92 bytes).
    Removing stm32f1xx_hal_tim_ex.o(i.HAL_TIMEx_ConfigCommutationEvent_DMA), (124 bytes).
    Removing stm32f1xx_hal_tim_ex.o(i.HAL_TIMEx_ConfigCommutationEvent_IT), (102 bytes).
    Removing stm32f1xx_hal_tim_ex.o(i.HAL_TIMEx_HallSensor_DeInit), (56 bytes).
    Removing stm32f1xx_hal_tim_ex.o(i.HAL_TIMEx_HallSensor_GetState), (6 bytes).
    Removing stm32f1xx_hal_tim_ex.o(i.HAL_TIMEx_HallSensor_Init), (188 bytes).
    Removing stm32f1xx_hal_tim_ex.o(i.HAL_TIMEx_HallSensor_MspDeInit), (2 bytes).
    Removing stm32f1xx_hal_tim_ex.o(i.HAL_TIMEx_HallSensor_MspInit), (2 bytes).
    Removing stm32f1xx_hal_tim_ex.o(i.HAL_TIMEx_HallSensor_Start), (28 bytes).
    Removing stm32f1xx_hal_tim_ex.o(i.HAL_TIMEx_HallSensor_Start_DMA), (104 bytes).
    Removing stm32f1xx_hal_tim_ex.o(i.HAL_TIMEx_HallSensor_Start_IT), (38 bytes).
    Removing stm32f1xx_hal_tim_ex.o(i.HAL_TIMEx_HallSensor_Stop), (46 bytes).
    Removing stm32f1xx_hal_tim_ex.o(i.HAL_TIMEx_HallSensor_Stop_DMA), (56 bytes).
    Removing stm32f1xx_hal_tim_ex.o(i.HAL_TIMEx_HallSensor_Stop_IT), (56 bytes).
    Removing stm32f1xx_hal_tim_ex.o(i.HAL_TIMEx_OCN_Start), (36 bytes).
    Removing stm32f1xx_hal_tim_ex.o(i.HAL_TIMEx_OCN_Start_DMA), (220 bytes).
    Removing stm32f1xx_hal_tim_ex.o(i.HAL_TIMEx_OCN_Start_IT), (96 bytes).
    Removing stm32f1xx_hal_tim_ex.o(i.HAL_TIMEx_OCN_Stop), (68 bytes).
    Removing stm32f1xx_hal_tim_ex.o(i.HAL_TIMEx_OCN_Stop_DMA), (124 bytes).
    Removing stm32f1xx_hal_tim_ex.o(i.HAL_TIMEx_OCN_Stop_IT), (134 bytes).
    Removing stm32f1xx_hal_tim_ex.o(i.HAL_TIMEx_OnePulseN_Start), (26 bytes).
    Removing stm32f1xx_hal_tim_ex.o(i.HAL_TIMEx_OnePulseN_Start_IT), (46 bytes).
    Removing stm32f1xx_hal_tim_ex.o(i.HAL_TIMEx_OnePulseN_Stop), (68 bytes).
    Removing stm32f1xx_hal_tim_ex.o(i.HAL_TIMEx_OnePulseN_Stop_IT), (88 bytes).
    Removing stm32f1xx_hal_tim_ex.o(i.HAL_TIMEx_PWMN_Start), (36 bytes).
    Removing stm32f1xx_hal_tim_ex.o(i.HAL_TIMEx_PWMN_Start_DMA), (220 bytes).
    Removing stm32f1xx_hal_tim_ex.o(i.HAL_TIMEx_PWMN_Start_IT), (96 bytes).
    Removing stm32f1xx_hal_tim_ex.o(i.HAL_TIMEx_PWMN_Stop), (68 bytes).
    Removing stm32f1xx_hal_tim_ex.o(i.HAL_TIMEx_PWMN_Stop_DMA), (124 bytes).
    Removing stm32f1xx_hal_tim_ex.o(i.HAL_TIMEx_PWMN_Stop_IT), (134 bytes).
    Removing stm32f1xx_hal_tim_ex.o(i.TIMEx_DMACommutationCplt), (16 bytes).
    Removing stm32f1xx_hal_tim_ex.o(i.TIM_CCxNChannelCmd), (22 bytes).
    Removing stm32f1xx_hal_cortex.o(.rev16_text), (4 bytes).
    Removing stm32f1xx_hal_cortex.o(.revsh_text), (4 bytes).
    Removing stm32f1xx_hal_cortex.o(.rrx_text), (6 bytes).
    Removing stm32f1xx_hal_cortex.o(i.HAL_NVIC_ClearPendingIRQ), (22 bytes).
    Removing stm32f1xx_hal_cortex.o(i.HAL_NVIC_DisableIRQ), (22 bytes).
    Removing stm32f1xx_hal_cortex.o(i.HAL_NVIC_GetActive), (32 bytes).
    Removing stm32f1xx_hal_cortex.o(i.HAL_NVIC_GetPendingIRQ), (32 bytes).
    Removing stm32f1xx_hal_cortex.o(i.HAL_NVIC_GetPriority), (82 bytes).
    Removing stm32f1xx_hal_cortex.o(i.HAL_NVIC_GetPriorityGrouping), (16 bytes).
    Removing stm32f1xx_hal_cortex.o(i.HAL_NVIC_SetPendingIRQ), (22 bytes).
    Removing stm32f1xx_hal_cortex.o(i.HAL_NVIC_SystemReset), (36 bytes).
    Removing stm32f1xx_hal_flash.o(.rev16_text), (4 bytes).
    Removing stm32f1xx_hal_flash.o(.revsh_text), (4 bytes).
    Removing stm32f1xx_hal_flash.o(.rrx_text), (6 bytes).
    Removing stm32f1xx_hal_flash.o(i.HAL_FLASH_EndOfOperationCallback), (2 bytes).
    Removing stm32f1xx_hal_flash.o(i.HAL_FLASH_GetError), (12 bytes).
    Removing stm32f1xx_hal_flash.o(i.HAL_FLASH_IRQHandler), (264 bytes).
    Removing stm32f1xx_hal_flash.o(i.HAL_FLASH_OB_Launch), (10 bytes).
    Removing stm32f1xx_hal_flash.o(i.HAL_FLASH_OB_Lock), (20 bytes).
    Removing stm32f1xx_hal_flash.o(i.HAL_FLASH_OB_Unlock), (36 bytes).
    Removing stm32f1xx_hal_flash.o(i.HAL_FLASH_OperationErrorCallback), (2 bytes).
    Removing stm32f1xx_hal_flash.o(i.HAL_FLASH_Program_IT), (100 bytes).
    Removing stm32f1xx_hal_flash_ex.o(.rev16_text), (4 bytes).
    Removing stm32f1xx_hal_flash_ex.o(.revsh_text), (4 bytes).
    Removing stm32f1xx_hal_flash_ex.o(.rrx_text), (6 bytes).
    Removing stm32f1xx_hal_flash_ex.o(i.FLASH_OB_DisableWRP), (176 bytes).
    Removing stm32f1xx_hal_flash_ex.o(i.FLASH_OB_EnableWRP), (176 bytes).
    Removing stm32f1xx_hal_flash_ex.o(i.FLASH_OB_GetRDP), (24 bytes).
    Removing stm32f1xx_hal_flash_ex.o(i.FLASH_OB_RDP_LevelConfig), (100 bytes).
    Removing stm32f1xx_hal_flash_ex.o(i.HAL_FLASHEx_Erase_IT), (84 bytes).
    Removing stm32f1xx_hal_flash_ex.o(i.HAL_FLASHEx_OBErase), (84 bytes).
    Removing stm32f1xx_hal_flash_ex.o(i.HAL_FLASHEx_OBGetConfig), (48 bytes).
    Removing stm32f1xx_hal_flash_ex.o(i.HAL_FLASHEx_OBGetUserData), (48 bytes).
    Removing stm32f1xx_hal_flash_ex.o(i.HAL_FLASHEx_OBProgram), (200 bytes).
    Removing stm32f1xx_hal_uart.o(.rev16_text), (4 bytes).
    Removing stm32f1xx_hal_uart.o(.revsh_text), (4 bytes).
    Removing stm32f1xx_hal_uart.o(.rrx_text), (6 bytes).
    Removing stm32f1xx_hal_uart.o(i.HAL_HalfDuplex_EnableReceiver), (46 bytes).
    Removing stm32f1xx_hal_uart.o(i.HAL_HalfDuplex_EnableTransmitter), (48 bytes).
    Removing stm32f1xx_hal_uart.o(i.HAL_HalfDuplex_Init), (104 bytes).
    Removing stm32f1xx_hal_uart.o(i.HAL_LIN_Init), (118 bytes).
    Removing stm32f1xx_hal_uart.o(i.HAL_LIN_SendBreak), (44 bytes).
    Removing stm32f1xx_hal_uart.o(i.HAL_MultiProcessor_EnterMuteMode), (44 bytes).
    Removing stm32f1xx_hal_uart.o(i.HAL_MultiProcessor_ExitMuteMode), (44 bytes).
    Removing stm32f1xx_hal_uart.o(i.HAL_MultiProcessor_Init), (126 bytes).
    Removing stm32f1xx_hal_uart.o(i.HAL_UART_DMAPause), (90 bytes).
    Removing stm32f1xx_hal_uart.o(i.HAL_UART_DMAResume), (104 bytes).
    Removing stm32f1xx_hal_uart.o(i.HAL_UART_DMAStop), (40 bytes).
    Removing stm32f1xx_hal_uart.o(i.HAL_UART_DeInit), (60 bytes).
    Removing stm32f1xx_hal_uart.o(i.HAL_UART_GetError), (4 bytes).
    Removing stm32f1xx_hal_uart.o(i.HAL_UART_GetState), (6 bytes).
    Removing stm32f1xx_hal_uart.o(i.HAL_UART_MspDeInit), (2 bytes).
    Removing stm32f1xx_hal_uart.o(i.HAL_UART_MspInit), (2 bytes).
    Removing stm32f1xx_hal_uart.o(i.HAL_UART_Receive), (204 bytes).
    Removing stm32f1xx_hal_uart.o(i.HAL_UART_Receive_DMA), (136 bytes).
    Removing stm32f1xx_hal_uart.o(i.HAL_UART_RxCpltCallback), (2 bytes).
    Removing stm32f1xx_hal_uart.o(i.HAL_UART_RxHalfCpltCallback), (2 bytes).
    Removing stm32f1xx_hal_uart.o(i.HAL_UART_Transmit), (204 bytes).
    Removing stm32f1xx_hal_uart.o(i.HAL_UART_Transmit_DMA), (144 bytes).
    Removing stm32f1xx_hal_uart.o(i.HAL_UART_TxCpltCallback), (2 bytes).
    Removing stm32f1xx_hal_uart.o(i.HAL_UART_TxHalfCpltCallback), (2 bytes).
    Removing stm32f1xx_hal_uart.o(i.UART_DMAError), (30 bytes).
    Removing stm32f1xx_hal_uart.o(i.UART_DMAReceiveCplt), (54 bytes).
    Removing stm32f1xx_hal_uart.o(i.UART_DMARxHalfCplt), (10 bytes).
    Removing stm32f1xx_hal_uart.o(i.UART_DMATransmitCplt), (46 bytes).
    Removing stm32f1xx_hal_uart.o(i.UART_DMATxHalfCplt), (10 bytes).
    Removing stm32f1xx_hal_uart.o(i.UART_WaitOnFlagUntilTimeout), (146 bytes).
    Removing stm32f1xx_hal_tim.o(.rev16_text), (4 bytes).
    Removing stm32f1xx_hal_tim.o(.revsh_text), (4 bytes).
    Removing stm32f1xx_hal_tim.o(.rrx_text), (6 bytes).
    Removing stm32f1xx_hal_tim.o(i.HAL_TIM_Base_DeInit), (56 bytes).
    Removing stm32f1xx_hal_tim.o(i.HAL_TIM_Base_GetState), (6 bytes).
    Removing stm32f1xx_hal_tim.o(i.HAL_TIM_Base_MspDeInit), (2 bytes).
    Removing stm32f1xx_hal_tim.o(i.HAL_TIM_Base_MspInit), (2 bytes).
    Removing stm32f1xx_hal_tim.o(i.HAL_TIM_Base_Start), (26 bytes).
    Removing stm32f1xx_hal_tim.o(i.HAL_TIM_Base_Start_DMA), (92 bytes).
    Removing stm32f1xx_hal_tim.o(i.HAL_TIM_Base_Stop), (44 bytes).
    Removing stm32f1xx_hal_tim.o(i.HAL_TIM_Base_Stop_DMA), (48 bytes).
    Removing stm32f1xx_hal_tim.o(i.HAL_TIM_ConfigOCrefClear), (194 bytes).
    Removing stm32f1xx_hal_tim.o(i.HAL_TIM_ConfigTI1Input), (16 bytes).
    Removing stm32f1xx_hal_tim.o(i.HAL_TIM_DMABurst_ReadStart), (260 bytes).
    Removing stm32f1xx_hal_tim.o(i.HAL_TIM_DMABurst_ReadStop), (96 bytes).
    Removing stm32f1xx_hal_tim.o(i.HAL_TIM_DMABurst_WriteStart), (260 bytes).
    Removing stm32f1xx_hal_tim.o(i.HAL_TIM_DMABurst_WriteStop), (96 bytes).
    Removing stm32f1xx_hal_tim.o(i.HAL_TIM_Encoder_DeInit), (56 bytes).
    Removing stm32f1xx_hal_tim.o(i.HAL_TIM_Encoder_GetState), (6 bytes).
    Removing stm32f1xx_hal_tim.o(i.HAL_TIM_Encoder_Init), (150 bytes).
    Removing stm32f1xx_hal_tim.o(i.HAL_TIM_Encoder_MspDeInit), (2 bytes).
    Removing stm32f1xx_hal_tim.o(i.HAL_TIM_Encoder_MspInit), (2 bytes).
    Removing stm32f1xx_hal_tim.o(i.HAL_TIM_Encoder_Start), (52 bytes).
    Removing stm32f1xx_hal_tim.o(i.HAL_TIM_Encoder_Start_DMA), (272 bytes).
    Removing stm32f1xx_hal_tim.o(i.HAL_TIM_Encoder_Start_IT), (92 bytes).
    Removing stm32f1xx_hal_tim.o(i.HAL_TIM_Encoder_Stop), (70 bytes).
    Removing stm32f1xx_hal_tim.o(i.HAL_TIM_Encoder_Stop_DMA), (116 bytes).
    Removing stm32f1xx_hal_tim.o(i.HAL_TIM_Encoder_Stop_IT), (116 bytes).
    Removing stm32f1xx_hal_tim.o(i.HAL_TIM_ErrorCallback), (2 bytes).
    Removing stm32f1xx_hal_tim.o(i.HAL_TIM_GenerateEvent), (38 bytes).
    Removing stm32f1xx_hal_tim.o(i.HAL_TIM_IC_ConfigChannel), (286 bytes).
    Removing stm32f1xx_hal_tim.o(i.HAL_TIM_IC_DeInit), (56 bytes).
    Removing stm32f1xx_hal_tim.o(i.HAL_TIM_IC_GetState), (6 bytes).
    Removing stm32f1xx_hal_tim.o(i.HAL_TIM_IC_Init), (54 bytes).
    Removing stm32f1xx_hal_tim.o(i.HAL_TIM_IC_MspDeInit), (2 bytes).
    Removing stm32f1xx_hal_tim.o(i.HAL_TIM_IC_MspInit), (2 bytes).
    Removing stm32f1xx_hal_tim.o(i.HAL_TIM_IC_Start), (26 bytes).
    Removing stm32f1xx_hal_tim.o(i.HAL_TIM_IC_Start_DMA), (200 bytes).
    Removing stm32f1xx_hal_tim.o(i.HAL_TIM_IC_Start_IT), (76 bytes).
    Removing stm32f1xx_hal_tim.o(i.HAL_TIM_IC_Stop), (44 bytes).
    Removing stm32f1xx_hal_tim.o(i.HAL_TIM_IC_Stop_DMA), (100 bytes).
    Removing stm32f1xx_hal_tim.o(i.HAL_TIM_IC_Stop_IT), (94 bytes).
    Removing stm32f1xx_hal_tim.o(i.HAL_TIM_OC_ConfigChannel), (86 bytes).
    Removing stm32f1xx_hal_tim.o(i.HAL_TIM_OC_DeInit), (56 bytes).
    Removing stm32f1xx_hal_tim.o(i.HAL_TIM_OC_GetState), (6 bytes).
    Removing stm32f1xx_hal_tim.o(i.HAL_TIM_OC_Init), (54 bytes).
    Removing stm32f1xx_hal_tim.o(i.HAL_TIM_OC_MspDeInit), (2 bytes).
    Removing stm32f1xx_hal_tim.o(i.HAL_TIM_OC_MspInit), (2 bytes).
    Removing stm32f1xx_hal_tim.o(i.HAL_TIM_OC_Start), (48 bytes).
    Removing stm32f1xx_hal_tim.o(i.HAL_TIM_OC_Start_DMA), (228 bytes).
    Removing stm32f1xx_hal_tim.o(i.HAL_TIM_OC_Start_IT), (96 bytes).
    Removing stm32f1xx_hal_tim.o(i.HAL_TIM_OC_Stop), (76 bytes).
    Removing stm32f1xx_hal_tim.o(i.HAL_TIM_OC_Stop_DMA), (132 bytes).
    Removing stm32f1xx_hal_tim.o(i.HAL_TIM_OC_Stop_IT), (128 bytes).
    Removing stm32f1xx_hal_tim.o(i.HAL_TIM_OnePulse_ConfigChannel), (218 bytes).
    Removing stm32f1xx_hal_tim.o(i.HAL_TIM_OnePulse_DeInit), (56 bytes).
    Removing stm32f1xx_hal_tim.o(i.HAL_TIM_OnePulse_GetState), (6 bytes).
    Removing stm32f1xx_hal_tim.o(i.HAL_TIM_OnePulse_Init), (74 bytes).
    Removing stm32f1xx_hal_tim.o(i.HAL_TIM_OnePulse_MspDeInit), (2 bytes).
    Removing stm32f1xx_hal_tim.o(i.HAL_TIM_OnePulse_MspInit), (2 bytes).
    Removing stm32f1xx_hal_tim.o(i.HAL_TIM_OnePulse_Start), (48 bytes).
    Removing stm32f1xx_hal_tim.o(i.HAL_TIM_OnePulse_Start_IT), (68 bytes).
    Removing stm32f1xx_hal_tim.o(i.HAL_TIM_OnePulse_Stop), (88 bytes).
    Removing stm32f1xx_hal_tim.o(i.HAL_TIM_OnePulse_Stop_IT), (108 bytes).
    Removing stm32f1xx_hal_tim.o(i.HAL_TIM_PWM_ConfigChannel), (208 bytes).
    Removing stm32f1xx_hal_tim.o(i.HAL_TIM_PWM_DeInit), (56 bytes).
    Removing stm32f1xx_hal_tim.o(i.HAL_TIM_PWM_GetState), (6 bytes).
    Removing stm32f1xx_hal_tim.o(i.HAL_TIM_PWM_Init), (54 bytes).
    Removing stm32f1xx_hal_tim.o(i.HAL_TIM_PWM_MspDeInit), (2 bytes).
    Removing stm32f1xx_hal_tim.o(i.HAL_TIM_PWM_MspInit), (2 bytes).
    Removing stm32f1xx_hal_tim.o(i.HAL_TIM_PWM_Start), (48 bytes).
    Removing stm32f1xx_hal_tim.o(i.HAL_TIM_PWM_Start_DMA), (228 bytes).
    Removing stm32f1xx_hal_tim.o(i.HAL_TIM_PWM_Start_IT), (96 bytes).
    Removing stm32f1xx_hal_tim.o(i.HAL_TIM_PWM_Stop), (84 bytes).
    Removing stm32f1xx_hal_tim.o(i.HAL_TIM_PWM_Stop_DMA), (132 bytes).
    Removing stm32f1xx_hal_tim.o(i.HAL_TIM_PWM_Stop_IT), (128 bytes).
    Removing stm32f1xx_hal_tim.o(i.HAL_TIM_PeriodElapsedCallback), (2 bytes).
    Removing stm32f1xx_hal_tim.o(i.HAL_TIM_ReadCapturedValue), (68 bytes).
    Removing stm32f1xx_hal_tim.o(i.HAL_TIM_SlaveConfigSynchronization), (66 bytes).
    Removing stm32f1xx_hal_tim.o(i.HAL_TIM_SlaveConfigSynchronization_IT), (66 bytes).
    Removing stm32f1xx_hal_tim.o(i.TIM_CCxChannelCmd), (22 bytes).
    Removing stm32f1xx_hal_tim.o(i.TIM_DMACaptureCplt), (62 bytes).
    Removing stm32f1xx_hal_tim.o(i.TIM_DMADelayPulseCplt), (62 bytes).
    Removing stm32f1xx_hal_tim.o(i.TIM_DMAError), (16 bytes).
    Removing stm32f1xx_hal_tim.o(i.TIM_DMAPeriodElapsedCplt), (16 bytes).
    Removing stm32f1xx_hal_tim.o(i.TIM_DMATriggerCplt), (16 bytes).
    Removing stm32f1xx_hal_tim.o(i.TIM_OC1_SetConfig), (80 bytes).
    Removing stm32f1xx_hal_tim.o(i.TIM_OC2_SetConfig), (88 bytes).
    Removing stm32f1xx_hal_tim.o(i.TIM_OC3_SetConfig), (88 bytes).
    Removing stm32f1xx_hal_tim.o(i.TIM_OC4_SetConfig), (68 bytes).
    Removing stm32f1xx_hal_tim.o(i.TIM_SlaveTimer_SetConfig), (124 bytes).
    Removing stm32f1xx_hal_tim.o(i.TIM_TI1_SetConfig), (88 bytes).
    Removing stm32f1xx_hal_tim.o(i.TIM_TI2_SetConfig), (54 bytes).
    Removing stm32f1xx_hal_gpio.o(.rev16_text), (4 bytes).
    Removing stm32f1xx_hal_gpio.o(.revsh_text), (4 bytes).
    Removing stm32f1xx_hal_gpio.o(.rrx_text), (6 bytes).
    Removing stm32f1xx_hal_gpio.o(i.HAL_GPIO_DeInit), (228 bytes).
    Removing stm32f1xx_hal_gpio.o(i.HAL_GPIO_EXTI_Callback), (2 bytes).
    Removing stm32f1xx_hal_gpio.o(i.HAL_GPIO_LockPin), (34 bytes).
    Removing system_stm32f1xx.o(.rev16_text), (4 bytes).
    Removing system_stm32f1xx.o(.revsh_text), (4 bytes).
    Removing system_stm32f1xx.o(.rrx_text), (6 bytes).
    Removing system_stm32f1xx.o(i.SystemCoreClockUpdate), (104 bytes).
    Removing system_stm32f1xx.o(.constdata), (16 bytes).
    Removing stm32f1xx_it.o(.rev16_text), (4 bytes).
    Removing stm32f1xx_it.o(.revsh_text), (4 bytes).
    Removing stm32f1xx_it.o(.rrx_text), (6 bytes).
    Removing stm32f1xx_hal_msp.o(.rev16_text), (4 bytes).
    Removing stm32f1xx_hal_msp.o(.revsh_text), (4 bytes).
    Removing stm32f1xx_hal_msp.o(.rrx_text), (6 bytes).
    Removing usart.o(.rev16_text), (4 bytes).
    Removing usart.o(.revsh_text), (4 bytes).
    Removing usart.o(.rrx_text), (6 bytes).
    Removing usart.o(i.HAL_UART_MspDeInit), (84 bytes).
    Removing gpio.o(.rev16_text), (4 bytes).
    Removing gpio.o(.revsh_text), (4 bytes).
    Removing gpio.o(.rrx_text), (6 bytes).
    Removing main.o(.rev16_text), (4 bytes).
    Removing main.o(.revsh_text), (4 bytes).
    Removing main.o(.rrx_text), (6 bytes).
    Removing main.o(.bss), (20 bytes).
    Removing main.o(.data), (1 bytes).
    Removing main.o(.data), (20 bytes).
    Removing main.o(.data), (1 bytes).
    Removing main.o(.data), (1 bytes).
    Removing tim.o(.rev16_text), (4 bytes).
    Removing tim.o(.revsh_text), (4 bytes).
    Removing tim.o(.rrx_text), (6 bytes).
    Removing tim.o(i.HAL_TIM_Base_MspDeInit), (56 bytes).
    Removing crc16.o(.rev16_text), (4 bytes).
    Removing crc16.o(.revsh_text), (4 bytes).
    Removing crc16.o(.rrx_text), (6 bytes).
    Removing lockinfo.o(.rev16_text), (4 bytes).
    Removing lockinfo.o(.revsh_text), (4 bytes).
    Removing lockinfo.o(.rrx_text), (6 bytes).
    Removing user_usart.o(.rev16_text), (4 bytes).
    Removing user_usart.o(.revsh_text), (4 bytes).
    Removing user_usart.o(.rrx_text), (6 bytes).
    Removing user_flash.o(.rev16_text), (4 bytes).
    Removing user_flash.o(.revsh_text), (4 bytes).
    Removing user_flash.o(.rrx_text), (6 bytes).
    Removing startup_stm32f103xb.o(HEAP), (512 bytes).

313 unused section(s) (total 17851 bytes) removed from the image.

==============================================================================

Image Symbol Table

    Local Symbols

    Symbol Name                              Value     Ov Type        Size  Object(Section)

    ../Drivers/CMSIS/Device/ST/STM32F1xx/Source/Templates/system_stm32f1xx.c 0x00000000   Number         0  system_stm32f1xx.o ABSOLUTE
    ../Drivers/STM32F1xx_HAL_Driver/Src/stm32f1xx_hal.c 0x00000000   Number         0  stm32f1xx_hal.o ABSOLUTE
    ../Drivers/STM32F1xx_HAL_Driver/Src/stm32f1xx_hal_cortex.c 0x00000000   Number         0  stm32f1xx_hal_cortex.o ABSOLUTE
    ../Drivers/STM32F1xx_HAL_Driver/Src/stm32f1xx_hal_dma.c 0x00000000   Number         0  stm32f1xx_hal_dma.o ABSOLUTE
    ../Drivers/STM32F1xx_HAL_Driver/Src/stm32f1xx_hal_flash.c 0x00000000   Number         0  stm32f1xx_hal_flash.o ABSOLUTE
    ../Drivers/STM32F1xx_HAL_Driver/Src/stm32f1xx_hal_flash_ex.c 0x00000000   Number         0  stm32f1xx_hal_flash_ex.o ABSOLUTE
    ../Drivers/STM32F1xx_HAL_Driver/Src/stm32f1xx_hal_gpio.c 0x00000000   Number         0  stm32f1xx_hal_gpio.o ABSOLUTE
    ../Drivers/STM32F1xx_HAL_Driver/Src/stm32f1xx_hal_pwr.c 0x00000000   Number         0  stm32f1xx_hal_pwr.o ABSOLUTE
    ../Drivers/STM32F1xx_HAL_Driver/Src/stm32f1xx_hal_rcc.c 0x00000000   Number         0  stm32f1xx_hal_rcc.o ABSOLUTE
    ../Drivers/STM32F1xx_HAL_Driver/Src/stm32f1xx_hal_rcc_ex.c 0x00000000   Number         0  stm32f1xx_hal_rcc_ex.o ABSOLUTE
    ../Drivers/STM32F1xx_HAL_Driver/Src/stm32f1xx_hal_tim.c 0x00000000   Number         0  stm32f1xx_hal_tim.o ABSOLUTE
    ../Drivers/STM32F1xx_HAL_Driver/Src/stm32f1xx_hal_tim_ex.c 0x00000000   Number         0  stm32f1xx_hal_tim_ex.o ABSOLUTE
    ../Drivers/STM32F1xx_HAL_Driver/Src/stm32f1xx_hal_uart.c 0x00000000   Number         0  stm32f1xx_hal_uart.o ABSOLUTE
    ../Src/gpio.c                            0x00000000   Number         0  gpio.o ABSOLUTE
    ../Src/main.c                            0x00000000   Number         0  main.o ABSOLUTE
    ../Src/stm32f1xx_hal_msp.c               0x00000000   Number         0  stm32f1xx_hal_msp.o ABSOLUTE
    ../Src/stm32f1xx_it.c                    0x00000000   Number         0  stm32f1xx_it.o ABSOLUTE
    ../Src/tim.c                             0x00000000   Number         0  tim.o ABSOLUTE
    ../Src/usart.c                           0x00000000   Number         0  usart.o ABSOLUTE
    ../clib/microlib/init/entry.s            0x00000000   Number         0  entry7b.o ABSOLUTE
    ../clib/microlib/init/entry.s            0x00000000   Number         0  entry8a.o ABSOLUTE
    ../clib/microlib/init/entry.s            0x00000000   Number         0  entry8b.o ABSOLUTE
    ../clib/microlib/init/entry.s            0x00000000   Number         0  entry9b.o ABSOLUTE
    ../clib/microlib/init/entry.s            0x00000000   Number         0  entry9a.o ABSOLUTE
    ../clib/microlib/init/entry.s            0x00000000   Number         0  entry10a.o ABSOLUTE
    ../clib/microlib/init/entry.s            0x00000000   Number         0  entry10b.o ABSOLUTE
    ../clib/microlib/init/entry.s            0x00000000   Number         0  entry11a.o ABSOLUTE
    ../clib/microlib/init/entry.s            0x00000000   Number         0  entry11b.o ABSOLUTE
    ../clib/microlib/init/entry.s            0x00000000   Number         0  entry7a.o ABSOLUTE
    ../clib/microlib/init/entry.s            0x00000000   Number         0  entry5.o ABSOLUTE
    ../clib/microlib/init/entry.s            0x00000000   Number         0  entry2.o ABSOLUTE
    ../clib/microlib/init/entry.s            0x00000000   Number         0  entry.o ABSOLUTE
    ../clib/microlib/longlong.c              0x00000000   Number         0  llushr.o ABSOLUTE
    ..\Drivers\CMSIS\Device\ST\STM32F1xx\Source\Templates\system_stm32f1xx.c 0x00000000   Number         0  system_stm32f1xx.o ABSOLUTE
    ..\Drivers\STM32F1xx_HAL_Driver\Src\stm32f1xx_hal.c 0x00000000   Number         0  stm32f1xx_hal.o ABSOLUTE
    ..\Drivers\STM32F1xx_HAL_Driver\Src\stm32f1xx_hal_cortex.c 0x00000000   Number         0  stm32f1xx_hal_cortex.o ABSOLUTE
    ..\Drivers\STM32F1xx_HAL_Driver\Src\stm32f1xx_hal_dma.c 0x00000000   Number         0  stm32f1xx_hal_dma.o ABSOLUTE
    ..\Drivers\STM32F1xx_HAL_Driver\Src\stm32f1xx_hal_flash.c 0x00000000   Number         0  stm32f1xx_hal_flash.o ABSOLUTE
    ..\Drivers\STM32F1xx_HAL_Driver\Src\stm32f1xx_hal_flash_ex.c 0x00000000   Number         0  stm32f1xx_hal_flash_ex.o ABSOLUTE
    ..\Drivers\STM32F1xx_HAL_Driver\Src\stm32f1xx_hal_gpio.c 0x00000000   Number         0  stm32f1xx_hal_gpio.o ABSOLUTE
    ..\Drivers\STM32F1xx_HAL_Driver\Src\stm32f1xx_hal_pwr.c 0x00000000   Number         0  stm32f1xx_hal_pwr.o ABSOLUTE
    ..\Drivers\STM32F1xx_HAL_Driver\Src\stm32f1xx_hal_rcc.c 0x00000000   Number         0  stm32f1xx_hal_rcc.o ABSOLUTE
    ..\Drivers\STM32F1xx_HAL_Driver\Src\stm32f1xx_hal_rcc_ex.c 0x00000000   Number         0  stm32f1xx_hal_rcc_ex.o ABSOLUTE
    ..\Drivers\STM32F1xx_HAL_Driver\Src\stm32f1xx_hal_tim.c 0x00000000   Number         0  stm32f1xx_hal_tim.o ABSOLUTE
    ..\Drivers\STM32F1xx_HAL_Driver\Src\stm32f1xx_hal_tim_ex.c 0x00000000   Number         0  stm32f1xx_hal_tim_ex.o ABSOLUTE
    ..\Drivers\STM32F1xx_HAL_Driver\Src\stm32f1xx_hal_uart.c 0x00000000   Number         0  stm32f1xx_hal_uart.o ABSOLUTE
    ..\Src\gpio.c                            0x00000000   Number         0  gpio.o ABSOLUTE
    ..\Src\main.c                            0x00000000   Number         0  main.o ABSOLUTE
    ..\Src\stm32f1xx_hal_msp.c               0x00000000   Number         0  stm32f1xx_hal_msp.o ABSOLUTE
    ..\Src\stm32f1xx_it.c                    0x00000000   Number         0  stm32f1xx_it.o ABSOLUTE
    ..\Src\tim.c                             0x00000000   Number         0  tim.o ABSOLUTE
    ..\Src\usart.c                           0x00000000   Number         0  usart.o ABSOLUTE
    ..\UserFile\crc16.c                      0x00000000   Number         0  crc16.o ABSOLUTE
    ..\UserFile\lockinfo.c                   0x00000000   Number         0  lockinfo.o ABSOLUTE
    ..\UserFile\user_flash.c                 0x00000000   Number         0  user_flash.o ABSOLUTE
    ..\UserFile\user_usart.c                 0x00000000   Number         0  user_usart.o ABSOLUTE
    ..\\UserFile\\crc16.c                    0x00000000   Number         0  crc16.o ABSOLUTE
    ..\\UserFile\\lockinfo.c                 0x00000000   Number         0  lockinfo.o ABSOLUTE
    ..\\UserFile\\user_flash.c               0x00000000   Number         0  user_flash.o ABSOLUTE
    ..\\UserFile\\user_usart.c               0x00000000   Number         0  user_usart.o ABSOLUTE
    dc.s                                     0x00000000   Number         0  dc.o ABSOLUTE
    handlers.s                               0x00000000   Number         0  handlers.o ABSOLUTE
    init.s                                   0x00000000   Number         0  init.o ABSOLUTE
    startup_stm32f103xb.s                    0x00000000   Number         0  startup_stm32f103xb.o ABSOLUTE
    RESET                                    0x08000000   Section      236  startup_stm32f103xb.o(RESET)
    .ARM.Collect$$$$00000000                 0x080000ec   Section        0  entry.o(.ARM.Collect$$$$00000000)
    .ARM.Collect$$$$00000001                 0x080000ec   Section        4  entry2.o(.ARM.Collect$$$$00000001)
    .ARM.Collect$$$$00000004                 0x080000f0   Section        4  entry5.o(.ARM.Collect$$$$00000004)
    .ARM.Collect$$$$00000008                 0x080000f4   Section        0  entry7b.o(.ARM.Collect$$$$00000008)
    .ARM.Collect$$$$0000000A                 0x080000f4   Section        0  entry8b.o(.ARM.Collect$$$$0000000A)
    .ARM.Collect$$$$0000000B                 0x080000f4   Section        8  entry9a.o(.ARM.Collect$$$$0000000B)
    .ARM.Collect$$$$0000000D                 0x080000fc   Section        0  entry10a.o(.ARM.Collect$$$$0000000D)
    .ARM.Collect$$$$0000000F                 0x080000fc   Section        0  entry11a.o(.ARM.Collect$$$$0000000F)
    .ARM.Collect$$$$00002712                 0x080000fc   Section        4  entry2.o(.ARM.Collect$$$$00002712)
    __lit__00000000                          0x080000fc   Data           4  entry2.o(.ARM.Collect$$$$00002712)
    .text                                    0x08000100   Section       36  startup_stm32f103xb.o(.text)
    .text                                    0x08000124   Section        0  llushr.o(.text)
    .text                                    0x08000144   Section       36  init.o(.text)
    i.BusFault_Handler                       0x08000168   Section        0  stm32f1xx_it.o(i.BusFault_Handler)
    i.CRC16                                  0x0800016a   Section        0  crc16.o(i.CRC16)
    i.DebugMon_Handler                       0x080001a6   Section        0  stm32f1xx_it.o(i.DebugMon_Handler)
    i.EXTI0_IRQHandler                       0x080001a8   Section        0  stm32f1xx_it.o(i.EXTI0_IRQHandler)
    i.Exe_Close_Lock                         0x080001b0   Section        0  lockinfo.o(i.Exe_Close_Lock)
    i.Exe_Open_Lock                          0x08000268   Section        0  lockinfo.o(i.Exe_Open_Lock)
    i.FLASH_MassErase                        0x080003b0   Section        0  stm32f1xx_hal_flash_ex.o(i.FLASH_MassErase)
    FLASH_MassErase                          0x080003b1   Thumb Code    26  stm32f1xx_hal_flash_ex.o(i.FLASH_MassErase)
    i.FLASH_PageErase                        0x080003d4   Section        0  stm32f1xx_hal_flash_ex.o(i.FLASH_PageErase)
    i.FLASH_Program_HalfWord                 0x080003f8   Section        0  stm32f1xx_hal_flash.o(i.FLASH_Program_HalfWord)
    FLASH_Program_HalfWord                   0x080003f9   Thumb Code    20  stm32f1xx_hal_flash.o(i.FLASH_Program_HalfWord)
    i.FLASH_SetErrorCode                     0x08000414   Section        0  stm32f1xx_hal_flash.o(i.FLASH_SetErrorCode)
    FLASH_SetErrorCode                       0x08000415   Thumb Code    60  stm32f1xx_hal_flash.o(i.FLASH_SetErrorCode)
    i.FLASH_WaitForLastOperation             0x08000458   Section        0  stm32f1xx_hal_flash.o(i.FLASH_WaitForLastOperation)
    i.Flash_Read_UserCode                    0x080004ac   Section        0  user_flash.o(i.Flash_Read_UserCode)
    i.Flash_Write_UserCode                   0x080004c4   Section        0  user_flash.o(i.Flash_Write_UserCode)
    i.GetSector                              0x08000546   Section        0  user_flash.o(i.GetSector)
    i.HAL_Delay                              0x08000556   Section        0  stm32f1xx_hal.o(i.HAL_Delay)
    i.HAL_FLASHEx_Erase                      0x0800056c   Section        0  stm32f1xx_hal_flash_ex.o(i.HAL_FLASHEx_Erase)
    i.HAL_FLASH_Lock                         0x08000614   Section        0  stm32f1xx_hal_flash.o(i.HAL_FLASH_Lock)
    i.HAL_FLASH_Program                      0x08000628   Section        0  stm32f1xx_hal_flash.o(i.HAL_FLASH_Program)
    i.HAL_FLASH_Unlock                       0x080006a8   Section        0  stm32f1xx_hal_flash.o(i.HAL_FLASH_Unlock)
    i.HAL_GPIO_EXTI_Callback                 0x080006cc   Section        0  main.o(i.HAL_GPIO_EXTI_Callback)
    i.HAL_GPIO_EXTI_IRQHandler               0x080006d8   Section        0  stm32f1xx_hal_gpio.o(i.HAL_GPIO_EXTI_IRQHandler)
    i.HAL_GPIO_Init                          0x080006f0   Section        0  stm32f1xx_hal_gpio.o(i.HAL_GPIO_Init)
    i.HAL_GPIO_ReadPin                       0x080008ac   Section        0  stm32f1xx_hal_gpio.o(i.HAL_GPIO_ReadPin)
    i.HAL_GPIO_TogglePin                     0x080008b6   Section        0  stm32f1xx_hal_gpio.o(i.HAL_GPIO_TogglePin)
    i.HAL_GPIO_WritePin                      0x080008be   Section        0  stm32f1xx_hal_gpio.o(i.HAL_GPIO_WritePin)
    i.HAL_GetTick                            0x080008c8   Section        0  stm32f1xx_hal.o(i.HAL_GetTick)
    i.HAL_IncTick                            0x080008d4   Section        0  stm32f1xx_hal.o(i.HAL_IncTick)
    i.HAL_Init                               0x080008e4   Section        0  stm32f1xx_hal.o(i.HAL_Init)
    i.HAL_InitTick                           0x08000908   Section        0  stm32f1xx_hal.o(i.HAL_InitTick)
    i.HAL_MspInit                            0x0800092c   Section        0  stm32f1xx_hal_msp.o(i.HAL_MspInit)
    i.HAL_NVIC_EnableIRQ                     0x08000998   Section        0  stm32f1xx_hal_cortex.o(i.HAL_NVIC_EnableIRQ)
    i.HAL_NVIC_SetPriority                   0x080009b0   Section        0  stm32f1xx_hal_cortex.o(i.HAL_NVIC_SetPriority)
    i.HAL_NVIC_SetPriorityGrouping           0x080009f0   Section        0  stm32f1xx_hal_cortex.o(i.HAL_NVIC_SetPriorityGrouping)
    i.HAL_RCC_ClockConfig                    0x08000a14   Section        0  stm32f1xx_hal_rcc.o(i.HAL_RCC_ClockConfig)
    i.HAL_RCC_GetHCLKFreq                    0x08000c9c   Section        0  stm32f1xx_hal_rcc.o(i.HAL_RCC_GetHCLKFreq)
    i.HAL_RCC_GetPCLK1Freq                   0x08000cd0   Section        0  stm32f1xx_hal_rcc.o(i.HAL_RCC_GetPCLK1Freq)
    i.HAL_RCC_GetPCLK2Freq                   0x08000cfc   Section        0  stm32f1xx_hal_rcc.o(i.HAL_RCC_GetPCLK2Freq)
    i.HAL_RCC_GetSysClockFreq                0x08000d28   Section        0  stm32f1xx_hal_rcc.o(i.HAL_RCC_GetSysClockFreq)
    i.HAL_RCC_OscConfig                      0x08000db0   Section        0  stm32f1xx_hal_rcc.o(i.HAL_RCC_OscConfig)
    i.HAL_SYSTICK_CLKSourceConfig            0x080013e2   Section        0  stm32f1xx_hal_cortex.o(i.HAL_SYSTICK_CLKSourceConfig)
    i.HAL_SYSTICK_Callback                   0x080013fa   Section        0  stm32f1xx_hal_cortex.o(i.HAL_SYSTICK_Callback)
    i.HAL_SYSTICK_Config                     0x080013fc   Section        0  stm32f1xx_hal_cortex.o(i.HAL_SYSTICK_Config)
    i.HAL_SYSTICK_IRQHandler                 0x08001424   Section        0  stm32f1xx_hal_cortex.o(i.HAL_SYSTICK_IRQHandler)
    i.HAL_TIMEx_BreakCallback                0x0800142c   Section        0  stm32f1xx_hal_tim_ex.o(i.HAL_TIMEx_BreakCallback)
    i.HAL_TIMEx_CommutationCallback          0x0800142e   Section        0  stm32f1xx_hal_tim_ex.o(i.HAL_TIMEx_CommutationCallback)
    i.HAL_TIMEx_MasterConfigSynchronization  0x08001430   Section        0  stm32f1xx_hal_tim_ex.o(i.HAL_TIMEx_MasterConfigSynchronization)
    i.HAL_TIM_Base_Init                      0x08001480   Section        0  stm32f1xx_hal_tim.o(i.HAL_TIM_Base_Init)
    i.HAL_TIM_Base_MspInit                   0x080014b8   Section        0  tim.o(i.HAL_TIM_Base_MspInit)
    i.HAL_TIM_Base_Start_IT                  0x08001518   Section        0  stm32f1xx_hal_tim.o(i.HAL_TIM_Base_Start_IT)
    i.HAL_TIM_Base_Stop_IT                   0x08001530   Section        0  stm32f1xx_hal_tim.o(i.HAL_TIM_Base_Stop_IT)
    i.HAL_TIM_ConfigClockSource              0x0800155a   Section        0  stm32f1xx_hal_tim.o(i.HAL_TIM_ConfigClockSource)
    i.HAL_TIM_IC_CaptureCallback             0x0800164c   Section        0  stm32f1xx_hal_tim.o(i.HAL_TIM_IC_CaptureCallback)
    i.HAL_TIM_IRQHandler                     0x0800164e   Section        0  stm32f1xx_hal_tim.o(i.HAL_TIM_IRQHandler)
    i.HAL_TIM_OC_DelayElapsedCallback        0x080017b4   Section        0  stm32f1xx_hal_tim.o(i.HAL_TIM_OC_DelayElapsedCallback)
    i.HAL_TIM_PWM_PulseFinishedCallback      0x080017b6   Section        0  stm32f1xx_hal_tim.o(i.HAL_TIM_PWM_PulseFinishedCallback)
    i.HAL_TIM_PeriodElapsedCallback          0x080017b8   Section        0  main.o(i.HAL_TIM_PeriodElapsedCallback)
    i.HAL_TIM_TriggerCallback                0x080017e4   Section        0  stm32f1xx_hal_tim.o(i.HAL_TIM_TriggerCallback)
    i.HAL_UART_ErrorCallback                 0x080017e6   Section        0  stm32f1xx_hal_uart.o(i.HAL_UART_ErrorCallback)
    i.HAL_UART_IRQHandler                    0x080017e8   Section        0  stm32f1xx_hal_uart.o(i.HAL_UART_IRQHandler)
    i.HAL_UART_Init                          0x080018c2   Section        0  stm32f1xx_hal_uart.o(i.HAL_UART_Init)
    i.HAL_UART_MspInit                       0x08001920   Section        0  usart.o(i.HAL_UART_MspInit)
    i.HAL_UART_Receive_IT                    0x080019d0   Section        0  stm32f1xx_hal_uart.o(i.HAL_UART_Receive_IT)
    i.HAL_UART_RxCpltCallback                0x08001a3c   Section        0  main.o(i.HAL_UART_RxCpltCallback)
    i.HAL_UART_Transmit_IT                   0x08001a84   Section        0  stm32f1xx_hal_uart.o(i.HAL_UART_Transmit_IT)
    i.HAL_UART_TxCpltCallback                0x08001adc   Section        0  main.o(i.HAL_UART_TxCpltCallback)
    i.HardFault_Handler                      0x08001ae8   Section        0  stm32f1xx_it.o(i.HardFault_Handler)
    i.LockClosedFunc                         0x08001aec   Section        0  lockinfo.o(i.LockClosedFunc)
    i.LockOpenFunc                           0x08001b84   Section        0  lockinfo.o(i.LockOpenFunc)
    i.Lock_Init                              0x08001c14   Section        0  lockinfo.o(i.Lock_Init)
    i.MX_GPIO_Init                           0x08001c9c   Section        0  gpio.o(i.MX_GPIO_Init)
    i.MX_NVIC_Init                           0x08001d8c   Section        0  main.o(i.MX_NVIC_Init)
    i.MX_TIM2_Init                           0x08001da4   Section        0  tim.o(i.MX_TIM2_Init)
    i.MX_TIM3_Init                           0x08001de8   Section        0  tim.o(i.MX_TIM3_Init)
    i.MX_USART1_UART_Init                    0x08001e30   Section        0  usart.o(i.MX_USART1_UART_Init)
    i.MX_USART2_UART_Init                    0x08001e58   Section        0  usart.o(i.MX_USART2_UART_Init)
    i.Mag_Lock_Singal_Out                    0x08001e80   Section        0  lockinfo.o(i.Mag_Lock_Singal_Out)
    i.MemManage_Handler                      0x08001eb8   Section        0  stm32f1xx_it.o(i.MemManage_Handler)
    i.NMI_Handler                            0x08001eba   Section        0  stm32f1xx_it.o(i.NMI_Handler)
    i.NVIC_SetPriority                       0x08001ebc   Section        0  stm32f1xx_hal_cortex.o(i.NVIC_SetPriority)
    NVIC_SetPriority                         0x08001ebd   Thumb Code    32  stm32f1xx_hal_cortex.o(i.NVIC_SetPriority)
    i.NewStationFunc                         0x08001edc   Section        0  lockinfo.o(i.NewStationFunc)
    i.ReadDoorLockStaFunc                    0x08001f64   Section        0  lockinfo.o(i.ReadDoorLockStaFunc)
    i.ReadDoorLockState                      0x08001f68   Section        0  lockinfo.o(i.ReadDoorLockState)
    i.SavingUSART1RecCmd_To_Memory           0x08001fb0   Section        0  user_usart.o(i.SavingUSART1RecCmd_To_Memory)
    i.SavingUSART1RecCmd_To_Memory_Handle    0x0800200c   Section        0  user_usart.o(i.SavingUSART1RecCmd_To_Memory_Handle)
    i.SavingUSART2RecCmd_To_Memory           0x08002068   Section        0  user_usart.o(i.SavingUSART2RecCmd_To_Memory)
    i.SavingUSART2RecCmd_To_Memory_Handle    0x080020c4   Section        0  user_usart.o(i.SavingUSART2RecCmd_To_Memory_Handle)
    i.SavingUSARTxRecCmd_Buff_To_Memory      0x08002120   Section        0  user_usart.o(i.SavingUSARTxRecCmd_Buff_To_Memory)
    i.SysTick_Handler                        0x08002144   Section        0  stm32f1xx_it.o(i.SysTick_Handler)
    i.SystemClock_Config                     0x08002152   Section        0  main.o(i.SystemClock_Config)
    i.SystemInit                             0x080021b0   Section        0  system_stm32f1xx.o(i.SystemInit)
    i.TIM2_IRQHandler                        0x080021f8   Section        0  stm32f1xx_it.o(i.TIM2_IRQHandler)
    i.TIM3_IRQHandler                        0x08002204   Section        0  stm32f1xx_it.o(i.TIM3_IRQHandler)
    i.TIM_Base_SetConfig                     0x08002210   Section        0  stm32f1xx_hal_tim.o(i.TIM_Base_SetConfig)
    i.TIM_ETR_SetConfig                      0x08002274   Section        0  stm32f1xx_hal_tim.o(i.TIM_ETR_SetConfig)
    TIM_ETR_SetConfig                        0x08002275   Thumb Code    20  stm32f1xx_hal_tim.o(i.TIM_ETR_SetConfig)
    i.TIM_ITRx_SetConfig                     0x08002288   Section        0  stm32f1xx_hal_tim.o(i.TIM_ITRx_SetConfig)
    TIM_ITRx_SetConfig                       0x08002289   Thumb Code    16  stm32f1xx_hal_tim.o(i.TIM_ITRx_SetConfig)
    i.TIM_TI1_ConfigInputStage               0x08002298   Section        0  stm32f1xx_hal_tim.o(i.TIM_TI1_ConfigInputStage)
    TIM_TI1_ConfigInputStage                 0x08002299   Thumb Code    34  stm32f1xx_hal_tim.o(i.TIM_TI1_ConfigInputStage)
    i.TIM_TI2_ConfigInputStage               0x080022ba   Section        0  stm32f1xx_hal_tim.o(i.TIM_TI2_ConfigInputStage)
    TIM_TI2_ConfigInputStage                 0x080022bb   Thumb Code    36  stm32f1xx_hal_tim.o(i.TIM_TI2_ConfigInputStage)
    i.UART_Receive_IT                        0x080022e0   Section        0  stm32f1xx_hal_uart.o(i.UART_Receive_IT)
    UART_Receive_IT                          0x080022e1   Thumb Code   168  stm32f1xx_hal_uart.o(i.UART_Receive_IT)
    i.UART_SetConfig                         0x08002388   Section        0  stm32f1xx_hal_uart.o(i.UART_SetConfig)
    UART_SetConfig                           0x08002389   Thumb Code   220  stm32f1xx_hal_uart.o(i.UART_SetConfig)
    i.UART_Transmit_IT                       0x08002468   Section        0  stm32f1xx_hal_uart.o(i.UART_Transmit_IT)
    UART_Transmit_IT                         0x08002469   Thumb Code   102  stm32f1xx_hal_uart.o(i.UART_Transmit_IT)
    i.USART1Checked_MemoryVali_Handle        0x080024d0   Section        0  user_usart.o(i.USART1Checked_MemoryVali_Handle)
    i.USART1Cmd_Analys_Func                  0x08002528   Section        0  user_usart.o(i.USART1Cmd_Analys_Func)
    i.USART1Cmd_Analys_Handle                0x08002650   Section        0  user_usart.o(i.USART1Cmd_Analys_Handle)
    i.USART1_IRQHandler                      0x080026b4   Section        0  stm32f1xx_it.o(i.USART1_IRQHandler)
    i.USART2Checked_MemoryVali_Handle        0x080026c0   Section        0  user_usart.o(i.USART2Checked_MemoryVali_Handle)
    i.USART2Cmd_Analys_Func                  0x08002718   Section        0  user_usart.o(i.USART2Cmd_Analys_Func)
    i.USART2Cmd_Analys_Handle                0x0800283c   Section        0  user_usart.o(i.USART2Cmd_Analys_Handle)
    i.USART2_IRQHandler                      0x080028a0   Section        0  stm32f1xx_it.o(i.USART2_IRQHandler)
    i.UsageFault_Handler                     0x080028ac   Section        0  stm32f1xx_it.o(i.UsageFault_Handler)
    i.__scatterload_copy                     0x080028ae   Section       14  handlers.o(i.__scatterload_copy)
    i.__scatterload_null                     0x080028bc   Section        2  handlers.o(i.__scatterload_null)
    i.__scatterload_zeroinit                 0x080028be   Section       14  handlers.o(i.__scatterload_zeroinit)
    i.main                                   0x080028cc   Section        0  main.o(i.main)
    .constdata                               0x08002a68   Section       16  stm32f1xx_hal_rcc.o(.constdata)
    .constdata                               0x08002a78   Section       14  lockinfo.o(.constdata)
    .data                                    0x20000000   Section        4  stm32f1xx_hal.o(.data)
    uwTick                                   0x20000000   Data           4  stm32f1xx_hal.o(.data)
    .data                                    0x20000004   Section        4  system_stm32f1xx.o(.data)
    .data                                    0x20000008   Section        7  main.o(.data)
    .data                                    0x2000000f   Section        9  lockinfo.o(.data)
    .data                                    0x20000018   Section      136  user_usart.o(.data)
    CountTemp2                               0x2000001c   Data           1  user_usart.o(.data)
    CountTemp1                               0x2000001d   Data           1  user_usart.o(.data)
    .data                                    0x200000a0   Section        6  user_usart.o(.data)
    .bss                                     0x200000a8   Section       32  stm32f1xx_hal_flash.o(.bss)
    .bss                                     0x200000c8   Section      128  usart.o(.bss)
    .bss                                     0x20000148   Section      120  tim.o(.bss)
    .bss                                     0x200001c0   Section       12  lockinfo.o(.bss)
    .bss                                     0x200001cc   Section      200  user_usart.o(.bss)
    STACK                                    0x20000298   Section     1024  startup_stm32f103xb.o(STACK)

    Global Symbols

    Symbol Name                              Value     Ov Type        Size  Object(Section)

    BuildAttributes$$THM_ISAv4$P$D$K$B$S$PE$A:L22UL41UL21$X:L11$S22US41US21$IEEE1$IW$USESV6$~STKCKD$USESV7$~SHL$OSPACE$EBA8$MICROLIB$REQ8$PRES8$EABIv2 0x00000000   Number         0  anon$$obj.o ABSOLUTE
    __ARM_use_no_argv                        0x00000000   Number         0  main.o ABSOLUTE
    __cpp_initialize__aeabi_                  - Undefined Weak Reference
    __cxa_finalize                            - Undefined Weak Reference
    __decompress                              - Undefined Weak Reference
    _clock_init                               - Undefined Weak Reference
    _microlib_exit                            - Undefined Weak Reference
    __Vectors_Size                           0x000000ec   Number         0  startup_stm32f103xb.o ABSOLUTE
    __Vectors                                0x08000000   Data           4  startup_stm32f103xb.o(RESET)
    __Vectors_End                            0x080000ec   Data           0  startup_stm32f103xb.o(RESET)
    __main                                   0x080000ed   Thumb Code     0  entry.o(.ARM.Collect$$$$00000000)
    _main_stk                                0x080000ed   Thumb Code     0  entry2.o(.ARM.Collect$$$$00000001)
    _main_scatterload                        0x080000f1   Thumb Code     0  entry5.o(.ARM.Collect$$$$00000004)
    __main_after_scatterload                 0x080000f5   Thumb Code     0  entry5.o(.ARM.Collect$$$$00000004)
    _main_clock                              0x080000f5   Thumb Code     0  entry7b.o(.ARM.Collect$$$$00000008)
    _main_cpp_init                           0x080000f5   Thumb Code     0  entry8b.o(.ARM.Collect$$$$0000000A)
    _main_init                               0x080000f5   Thumb Code     0  entry9a.o(.ARM.Collect$$$$0000000B)
    __rt_final_cpp                           0x080000fd   Thumb Code     0  entry10a.o(.ARM.Collect$$$$0000000D)
    __rt_final_exit                          0x080000fd   Thumb Code     0  entry11a.o(.ARM.Collect$$$$0000000F)
    Reset_Handler                            0x08000101   Thumb Code     8  startup_stm32f103xb.o(.text)
    SVC_Handler                              0x08000113   Thumb Code     2  startup_stm32f103xb.o(.text)
    PendSV_Handler                           0x08000117   Thumb Code     2  startup_stm32f103xb.o(.text)
    ADC1_2_IRQHandler                        0x0800011b   Thumb Code     0  startup_stm32f103xb.o(.text)
    CAN1_RX1_IRQHandler                      0x0800011b   Thumb Code     0  startup_stm32f103xb.o(.text)
    CAN1_SCE_IRQHandler                      0x0800011b   Thumb Code     0  startup_stm32f103xb.o(.text)
    DMA1_Channel1_IRQHandler                 0x0800011b   Thumb Code     0  startup_stm32f103xb.o(.text)
    DMA1_Channel2_IRQHandler                 0x0800011b   Thumb Code     0  startup_stm32f103xb.o(.text)
    DMA1_Channel3_IRQHandler                 0x0800011b   Thumb Code     0  startup_stm32f103xb.o(.text)
    DMA1_Channel4_IRQHandler                 0x0800011b   Thumb Code     0  startup_stm32f103xb.o(.text)
    DMA1_Channel5_IRQHandler                 0x0800011b   Thumb Code     0  startup_stm32f103xb.o(.text)
    DMA1_Channel6_IRQHandler                 0x0800011b   Thumb Code     0  startup_stm32f103xb.o(.text)
    DMA1_Channel7_IRQHandler                 0x0800011b   Thumb Code     0  startup_stm32f103xb.o(.text)
    EXTI15_10_IRQHandler                     0x0800011b   Thumb Code     0  startup_stm32f103xb.o(.text)
    EXTI1_IRQHandler                         0x0800011b   Thumb Code     0  startup_stm32f103xb.o(.text)
    EXTI2_IRQHandler                         0x0800011b   Thumb Code     0  startup_stm32f103xb.o(.text)
    EXTI3_IRQHandler                         0x0800011b   Thumb Code     0  startup_stm32f103xb.o(.text)
    EXTI4_IRQHandler                         0x0800011b   Thumb Code     0  startup_stm32f103xb.o(.text)
    EXTI9_5_IRQHandler                       0x0800011b   Thumb Code     0  startup_stm32f103xb.o(.text)
    FLASH_IRQHandler                         0x0800011b   Thumb Code     0  startup_stm32f103xb.o(.text)
    I2C1_ER_IRQHandler                       0x0800011b   Thumb Code     0  startup_stm32f103xb.o(.text)
    I2C1_EV_IRQHandler                       0x0800011b   Thumb Code     0  startup_stm32f103xb.o(.text)
    I2C2_ER_IRQHandler                       0x0800011b   Thumb Code     0  startup_stm32f103xb.o(.text)
    I2C2_EV_IRQHandler                       0x0800011b   Thumb Code     0  startup_stm32f103xb.o(.text)
    PVD_IRQHandler                           0x0800011b   Thumb Code     0  startup_stm32f103xb.o(.text)
    RCC_IRQHandler                           0x0800011b   Thumb Code     0  startup_stm32f103xb.o(.text)
    RTC_Alarm_IRQHandler                     0x0800011b   Thumb Code     0  startup_stm32f103xb.o(.text)
    RTC_IRQHandler                           0x0800011b   Thumb Code     0  startup_stm32f103xb.o(.text)
    SPI1_IRQHandler                          0x0800011b   Thumb Code     0  startup_stm32f103xb.o(.text)
    SPI2_IRQHandler                          0x0800011b   Thumb Code     0  startup_stm32f103xb.o(.text)
    TAMPER_IRQHandler                        0x0800011b   Thumb Code     0  startup_stm32f103xb.o(.text)
    TIM1_BRK_IRQHandler                      0x0800011b   Thumb Code     0  startup_stm32f103xb.o(.text)
    TIM1_CC_IRQHandler                       0x0800011b   Thumb Code     0  startup_stm32f103xb.o(.text)
    TIM1_TRG_COM_IRQHandler                  0x0800011b   Thumb Code     0  startup_stm32f103xb.o(.text)
    TIM1_UP_IRQHandler                       0x0800011b   Thumb Code     0  startup_stm32f103xb.o(.text)
    TIM4_IRQHandler                          0x0800011b   Thumb Code     0  startup_stm32f103xb.o(.text)
    USART3_IRQHandler                        0x0800011b   Thumb Code     0  startup_stm32f103xb.o(.text)
    USBWakeUp_IRQHandler                     0x0800011b   Thumb Code     0  startup_stm32f103xb.o(.text)
    USB_HP_CAN1_TX_IRQHandler                0x0800011b   Thumb Code     0  startup_stm32f103xb.o(.text)
    USB_LP_CAN1_RX0_IRQHandler               0x0800011b   Thumb Code     0  startup_stm32f103xb.o(.text)
    WWDG_IRQHandler                          0x0800011b   Thumb Code     0  startup_stm32f103xb.o(.text)
    __aeabi_llsr                             0x08000125   Thumb Code    32  llushr.o(.text)
    _ll_ushift_r                             0x08000125   Thumb Code     0  llushr.o(.text)
    __scatterload                            0x08000145   Thumb Code    28  init.o(.text)
    __scatterload_rt2                        0x08000145   Thumb Code     0  init.o(.text)
    BusFault_Handler                         0x08000169   Thumb Code     2  stm32f1xx_it.o(i.BusFault_Handler)
    CRC16                                    0x0800016b   Thumb Code    60  crc16.o(i.CRC16)
    DebugMon_Handler                         0x080001a7   Thumb Code     2  stm32f1xx_it.o(i.DebugMon_Handler)
    EXTI0_IRQHandler                         0x080001a9   Thumb Code     6  stm32f1xx_it.o(i.EXTI0_IRQHandler)
    Exe_Close_Lock                           0x080001b1   Thumb Code   168  lockinfo.o(i.Exe_Close_Lock)
    Exe_Open_Lock                            0x08000269   Thumb Code   302  lockinfo.o(i.Exe_Open_Lock)
    FLASH_PageErase                          0x080003d5   Thumb Code    28  stm32f1xx_hal_flash_ex.o(i.FLASH_PageErase)
    FLASH_WaitForLastOperation               0x08000459   Thumb Code    80  stm32f1xx_hal_flash.o(i.FLASH_WaitForLastOperation)
    Flash_Read_UserCode                      0x080004ad   Thumb Code    24  user_flash.o(i.Flash_Read_UserCode)
    Flash_Write_UserCode                     0x080004c5   Thumb Code   130  user_flash.o(i.Flash_Write_UserCode)
    GetSector                                0x08000547   Thumb Code    16  user_flash.o(i.GetSector)
    HAL_Delay                                0x08000557   Thumb Code    22  stm32f1xx_hal.o(i.HAL_Delay)
    HAL_FLASHEx_Erase                        0x0800056d   Thumb Code   160  stm32f1xx_hal_flash_ex.o(i.HAL_FLASHEx_Erase)
    HAL_FLASH_Lock                           0x08000615   Thumb Code    14  stm32f1xx_hal_flash.o(i.HAL_FLASH_Lock)
    HAL_FLASH_Program                        0x08000629   Thumb Code   120  stm32f1xx_hal_flash.o(i.HAL_FLASH_Program)
    HAL_FLASH_Unlock                         0x080006a9   Thumb Code    24  stm32f1xx_hal_flash.o(i.HAL_FLASH_Unlock)
    HAL_GPIO_EXTI_Callback                   0x080006cd   Thumb Code     8  main.o(i.HAL_GPIO_EXTI_Callback)
    HAL_GPIO_EXTI_IRQHandler                 0x080006d9   Thumb Code    18  stm32f1xx_hal_gpio.o(i.HAL_GPIO_EXTI_IRQHandler)
    HAL_GPIO_Init                            0x080006f1   Thumb Code   408  stm32f1xx_hal_gpio.o(i.HAL_GPIO_Init)
    HAL_GPIO_ReadPin                         0x080008ad   Thumb Code    10  stm32f1xx_hal_gpio.o(i.HAL_GPIO_ReadPin)
    HAL_GPIO_TogglePin                       0x080008b7   Thumb Code     8  stm32f1xx_hal_gpio.o(i.HAL_GPIO_TogglePin)
    HAL_GPIO_WritePin                        0x080008bf   Thumb Code    10  stm32f1xx_hal_gpio.o(i.HAL_GPIO_WritePin)
    HAL_GetTick                              0x080008c9   Thumb Code     6  stm32f1xx_hal.o(i.HAL_GetTick)
    HAL_IncTick                              0x080008d5   Thumb Code    10  stm32f1xx_hal.o(i.HAL_IncTick)
    HAL_Init                                 0x080008e5   Thumb Code    32  stm32f1xx_hal.o(i.HAL_Init)
    HAL_InitTick                             0x08000909   Thumb Code    34  stm32f1xx_hal.o(i.HAL_InitTick)
    HAL_MspInit                              0x0800092d   Thumb Code    98  stm32f1xx_hal_msp.o(i.HAL_MspInit)
    HAL_NVIC_EnableIRQ                       0x08000999   Thumb Code    22  stm32f1xx_hal_cortex.o(i.HAL_NVIC_EnableIRQ)
    HAL_NVIC_SetPriority                     0x080009b1   Thumb Code    60  stm32f1xx_hal_cortex.o(i.HAL_NVIC_SetPriority)
    HAL_NVIC_SetPriorityGrouping             0x080009f1   Thumb Code    26  stm32f1xx_hal_cortex.o(i.HAL_NVIC_SetPriorityGrouping)
    HAL_RCC_ClockConfig                      0x08000a15   Thumb Code   638  stm32f1xx_hal_rcc.o(i.HAL_RCC_ClockConfig)
    HAL_RCC_GetHCLKFreq                      0x08000c9d   Thumb Code    38  stm32f1xx_hal_rcc.o(i.HAL_RCC_GetHCLKFreq)
    HAL_RCC_GetPCLK1Freq                     0x08000cd1   Thumb Code    36  stm32f1xx_hal_rcc.o(i.HAL_RCC_GetPCLK1Freq)
    HAL_RCC_GetPCLK2Freq                     0x08000cfd   Thumb Code    36  stm32f1xx_hal_rcc.o(i.HAL_RCC_GetPCLK2Freq)
    HAL_RCC_GetSysClockFreq                  0x08000d29   Thumb Code   102  stm32f1xx_hal_rcc.o(i.HAL_RCC_GetSysClockFreq)
    HAL_RCC_OscConfig                        0x08000db1   Thumb Code  1586  stm32f1xx_hal_rcc.o(i.HAL_RCC_OscConfig)
    HAL_SYSTICK_CLKSourceConfig              0x080013e3   Thumb Code    24  stm32f1xx_hal_cortex.o(i.HAL_SYSTICK_CLKSourceConfig)
    HAL_SYSTICK_Callback                     0x080013fb   Thumb Code     2  stm32f1xx_hal_cortex.o(i.HAL_SYSTICK_Callback)
    HAL_SYSTICK_Config                       0x080013fd   Thumb Code    40  stm32f1xx_hal_cortex.o(i.HAL_SYSTICK_Config)
    HAL_SYSTICK_IRQHandler                   0x08001425   Thumb Code     8  stm32f1xx_hal_cortex.o(i.HAL_SYSTICK_IRQHandler)
    HAL_TIMEx_BreakCallback                  0x0800142d   Thumb Code     2  stm32f1xx_hal_tim_ex.o(i.HAL_TIMEx_BreakCallback)
    HAL_TIMEx_CommutationCallback            0x0800142f   Thumb Code     2  stm32f1xx_hal_tim_ex.o(i.HAL_TIMEx_CommutationCallback)
    HAL_TIMEx_MasterConfigSynchronization    0x08001431   Thumb Code    80  stm32f1xx_hal_tim_ex.o(i.HAL_TIMEx_MasterConfigSynchronization)
    HAL_TIM_Base_Init                        0x08001481   Thumb Code    54  stm32f1xx_hal_tim.o(i.HAL_TIM_Base_Init)
    HAL_TIM_Base_MspInit                     0x080014b9   Thumb Code    86  tim.o(i.HAL_TIM_Base_MspInit)
    HAL_TIM_Base_Start_IT                    0x08001519   Thumb Code    24  stm32f1xx_hal_tim.o(i.HAL_TIM_Base_Start_IT)
    HAL_TIM_Base_Stop_IT                     0x08001531   Thumb Code    42  stm32f1xx_hal_tim.o(i.HAL_TIM_Base_Stop_IT)
    HAL_TIM_ConfigClockSource                0x0800155b   Thumb Code   242  stm32f1xx_hal_tim.o(i.HAL_TIM_ConfigClockSource)
    HAL_TIM_IC_CaptureCallback               0x0800164d   Thumb Code     2  stm32f1xx_hal_tim.o(i.HAL_TIM_IC_CaptureCallback)
    HAL_TIM_IRQHandler                       0x0800164f   Thumb Code   358  stm32f1xx_hal_tim.o(i.HAL_TIM_IRQHandler)
    HAL_TIM_OC_DelayElapsedCallback          0x080017b5   Thumb Code     2  stm32f1xx_hal_tim.o(i.HAL_TIM_OC_DelayElapsedCallback)
    HAL_TIM_PWM_PulseFinishedCallback        0x080017b7   Thumb Code     2  stm32f1xx_hal_tim.o(i.HAL_TIM_PWM_PulseFinishedCallback)
    HAL_TIM_PeriodElapsedCallback            0x080017b9   Thumb Code    32  main.o(i.HAL_TIM_PeriodElapsedCallback)
    HAL_TIM_TriggerCallback                  0x080017e5   Thumb Code     2  stm32f1xx_hal_tim.o(i.HAL_TIM_TriggerCallback)
    HAL_UART_ErrorCallback                   0x080017e7   Thumb Code     2  stm32f1xx_hal_uart.o(i.HAL_UART_ErrorCallback)
    HAL_UART_IRQHandler                      0x080017e9   Thumb Code   218  stm32f1xx_hal_uart.o(i.HAL_UART_IRQHandler)
    HAL_UART_Init                            0x080018c3   Thumb Code    94  stm32f1xx_hal_uart.o(i.HAL_UART_Init)
    HAL_UART_MspInit                         0x08001921   Thumb Code   158  usart.o(i.HAL_UART_MspInit)
    HAL_UART_Receive_IT                      0x080019d1   Thumb Code   106  stm32f1xx_hal_uart.o(i.HAL_UART_Receive_IT)
    HAL_UART_RxCpltCallback                  0x08001a3d   Thumb Code    42  main.o(i.HAL_UART_RxCpltCallback)
    HAL_UART_Transmit_IT                     0x08001a85   Thumb Code    86  stm32f1xx_hal_uart.o(i.HAL_UART_Transmit_IT)
    HAL_UART_TxCpltCallback                  0x08001add   Thumb Code     8  main.o(i.HAL_UART_TxCpltCallback)
    HardFault_Handler                        0x08001ae9   Thumb Code     2  stm32f1xx_it.o(i.HardFault_Handler)
    LockClosedFunc                           0x08001aed   Thumb Code   140  lockinfo.o(i.LockClosedFunc)
    LockOpenFunc                             0x08001b85   Thumb Code   132  lockinfo.o(i.LockOpenFunc)
    Lock_Init                                0x08001c15   Thumb Code   116  lockinfo.o(i.Lock_Init)
    MX_GPIO_Init                             0x08001c9d   Thumb Code   220  gpio.o(i.MX_GPIO_Init)
    MX_NVIC_Init                             0x08001d8d   Thumb Code    22  main.o(i.MX_NVIC_Init)
    MX_TIM2_Init                             0x08001da5   Thumb Code    64  tim.o(i.MX_TIM2_Init)
    MX_TIM3_Init                             0x08001de9   Thumb Code    62  tim.o(i.MX_TIM3_Init)
    MX_USART1_UART_Init                      0x08001e31   Thumb Code    32  usart.o(i.MX_USART1_UART_Init)
    MX_USART2_UART_Init                      0x08001e59   Thumb Code    32  usart.o(i.MX_USART2_UART_Init)
    Mag_Lock_Singal_Out                      0x08001e81   Thumb Code    52  lockinfo.o(i.Mag_Lock_Singal_Out)
    MemManage_Handler                        0x08001eb9   Thumb Code     2  stm32f1xx_it.o(i.MemManage_Handler)
    NMI_Handler                              0x08001ebb   Thumb Code     2  stm32f1xx_it.o(i.NMI_Handler)
    NewStationFunc                           0x08001edd   Thumb Code   122  lockinfo.o(i.NewStationFunc)
    ReadDoorLockStaFunc                      0x08001f65   Thumb Code     4  lockinfo.o(i.ReadDoorLockStaFunc)
    ReadDoorLockState                        0x08001f69   Thumb Code    68  lockinfo.o(i.ReadDoorLockState)
    SavingUSART1RecCmd_To_Memory             0x08001fb1   Thumb Code    84  user_usart.o(i.SavingUSART1RecCmd_To_Memory)
    SavingUSART1RecCmd_To_Memory_Handle      0x0800200d   Thumb Code    88  user_usart.o(i.SavingUSART1RecCmd_To_Memory_Handle)
    SavingUSART2RecCmd_To_Memory             0x08002069   Thumb Code    84  user_usart.o(i.SavingUSART2RecCmd_To_Memory)
    SavingUSART2RecCmd_To_Memory_Handle      0x080020c5   Thumb Code    88  user_usart.o(i.SavingUSART2RecCmd_To_Memory_Handle)
    SavingUSARTxRecCmd_Buff_To_Memory        0x08002121   Thumb Code    36  user_usart.o(i.SavingUSARTxRecCmd_Buff_To_Memory)
    SysTick_Handler                          0x08002145   Thumb Code    14  stm32f1xx_it.o(i.SysTick_Handler)
    SystemClock_Config                       0x08002153   Thumb Code    92  main.o(i.SystemClock_Config)
    SystemInit                               0x080021b1   Thumb Code    56  system_stm32f1xx.o(i.SystemInit)
    TIM2_IRQHandler                          0x080021f9   Thumb Code     6  stm32f1xx_it.o(i.TIM2_IRQHandler)
    TIM3_IRQHandler                          0x08002205   Thumb Code     6  stm32f1xx_it.o(i.TIM3_IRQHandler)
    TIM_Base_SetConfig                       0x08002211   Thumb Code    86  stm32f1xx_hal_tim.o(i.TIM_Base_SetConfig)
    USART1Checked_MemoryVali_Handle          0x080024d1   Thumb Code    82  user_usart.o(i.USART1Checked_MemoryVali_Handle)
    USART1Cmd_Analys_Func                    0x08002529   Thumb Code   288  user_usart.o(i.USART1Cmd_Analys_Func)
    USART1Cmd_Analys_Handle                  0x08002651   Thumb Code    90  user_usart.o(i.USART1Cmd_Analys_Handle)
    USART1_IRQHandler                        0x080026b5   Thumb Code     6  stm32f1xx_it.o(i.USART1_IRQHandler)
    USART2Checked_MemoryVali_Handle          0x080026c1   Thumb Code    82  user_usart.o(i.USART2Checked_MemoryVali_Handle)
    USART2Cmd_Analys_Func                    0x08002719   Thumb Code   282  user_usart.o(i.USART2Cmd_Analys_Func)
    USART2Cmd_Analys_Handle                  0x0800283d   Thumb Code    90  user_usart.o(i.USART2Cmd_Analys_Handle)
    USART2_IRQHandler                        0x080028a1   Thumb Code     6  stm32f1xx_it.o(i.USART2_IRQHandler)
    UsageFault_Handler                       0x080028ad   Thumb Code     2  stm32f1xx_it.o(i.UsageFault_Handler)
    __scatterload_copy                       0x080028af   Thumb Code    14  handlers.o(i.__scatterload_copy)
    __scatterload_null                       0x080028bd   Thumb Code     2  handlers.o(i.__scatterload_null)
    __scatterload_zeroinit                   0x080028bf   Thumb Code    14  handlers.o(i.__scatterload_zeroinit)
    main                                     0x080028cd   Thumb Code   348  main.o(i.main)
    aAPBAHBPrescTable                        0x08002a68   Data          16  stm32f1xx_hal_rcc.o(.constdata)
    LockIDMem                                0x08002a7e   Data           8  lockinfo.o(.constdata)
    Region$$Table$$Base                      0x08002a88   Number         0  anon$$obj.o(Region$$Table)
    Region$$Table$$Limit                     0x08002aa8   Number         0  anon$$obj.o(Region$$Table)
    SystemCoreClock                          0x20000004   Data           4  system_stm32f1xx.o(.data)
    FSUComSigFlag                            0x20000008   Data           1  main.o(.data)
    Timer2_1S_Flag                           0x20000009   Data           1  main.o(.data)
    Timer2_1S_CheckDoor_Flag                 0x2000000a   Data           1  main.o(.data)
    Timer3_10S_Flag                          0x2000000b   Data           1  main.o(.data)
    USART1_RecSuc_Flag                       0x2000000c   Data           1  main.o(.data)
    USART2_RecSuc_Flag                       0x2000000d   Data           1  main.o(.data)
    USART2_SedSuc_Flag                       0x2000000e   Data           1  main.o(.data)
    Cmd_LockOpenVali_Flag                    0x2000000f   Data           1  lockinfo.o(.data)
    Cmd_LockClosedVali_Flag                  0x20000010   Data           1  lockinfo.o(.data)
    Timer2_1S_Beep_Flag                      0x20000011   Data           1  lockinfo.o(.data)
    PlatformUserCode                         0x20000012   Data           6  lockinfo.o(.data)
    USART1_Rec_CmdMemory_Count               0x20000018   Data           1  user_usart.o(.data)
    USART2_Rec_CmdMemory_Count               0x20000019   Data           1  user_usart.o(.data)
    USART1_Rec_Cmd_Succ_Count                0x2000001a   Data           1  user_usart.o(.data)
    USART2_Rec_Cmd_Succ_Count                0x2000001b   Data           1  user_usart.o(.data)
    USART1_Rec_Cmd_Succ_ByteNum              0x2000001e   Data           6  user_usart.o(.data)
    USART2_Rec_Cmd_Succ_ByteNum              0x20000024   Data           6  user_usart.o(.data)
    USART1_Rec_CmdMemoryBuff                 0x2000002a   Data          20  user_usart.o(.data)
    USART2_Rec_CmdMemoryBuff                 0x2000003e   Data          20  user_usart.o(.data)
    BackStatus_LockOpen                      0x20000052   Data          24  user_usart.o(.data)
    BackStatus_LockClosed                    0x2000006a   Data          18  user_usart.o(.data)
    BackStatus_NewStation                    0x2000007c   Data          24  user_usart.o(.data)
    BackStatus_DoorLockState                 0x20000094   Data          12  user_usart.o(.data)
    GapReqCmd                                0x200000a0   Data           6  user_usart.o(.data)
    pFlash                                   0x200000a8   Data          32  stm32f1xx_hal_flash.o(.bss)
    huart1                                   0x200000c8   Data          64  usart.o(.bss)
    huart2                                   0x20000108   Data          64  usart.o(.bss)
    htim2                                    0x20000148   Data          60  tim.o(.bss)
    htim3                                    0x20000184   Data          60  tim.o(.bss)
    LockPassword                             0x200001c0   Data          12  lockinfo.o(.bss)
    USART1_Rec_CmdMemory                     0x200001cc   Data         100  user_usart.o(.bss)
    USART2_Rec_CmdMemory                     0x20000230   Data         100  user_usart.o(.bss)
    __initial_sp                             0x20000698   Data           0  startup_stm32f103xb.o(STACK)



==============================================================================

Memory Map of the image

  Image Entry point : 0x080000ed

  Load Region LR_IROM1 (Base: 0x08000000, Size: 0x00002b50, Max: 0x00020000, ABSOLUTE)

    Execution Region ER_IROM1 (Base: 0x08000000, Size: 0x00002aa8, Max: 0x00020000, ABSOLUTE)

    Base Addr    Size         Type   Attr      Idx    E Section Name        Object

    0x08000000   0x000000ec   Data   RO         2654    RESET               startup_stm32f103xb.o
    0x080000ec   0x00000000   Code   RO         2659  * .ARM.Collect$$$$00000000  mc_w.l(entry.o)
    0x080000ec   0x00000004   Code   RO         2664    .ARM.Collect$$$$00000001  mc_w.l(entry2.o)
    0x080000f0   0x00000004   Code   RO         2667    .ARM.Collect$$$$00000004  mc_w.l(entry5.o)
    0x080000f4   0x00000000   Code   RO         2669    .ARM.Collect$$$$00000008  mc_w.l(entry7b.o)
    0x080000f4   0x00000000   Code   RO         2671    .ARM.Collect$$$$0000000A  mc_w.l(entry8b.o)
    0x080000f4   0x00000008   Code   RO         2672    .ARM.Collect$$$$0000000B  mc_w.l(entry9a.o)
    0x080000fc   0x00000000   Code   RO         2674    .ARM.Collect$$$$0000000D  mc_w.l(entry10a.o)
    0x080000fc   0x00000000   Code   RO         2676    .ARM.Collect$$$$0000000F  mc_w.l(entry11a.o)
    0x080000fc   0x00000004   Code   RO         2665    .ARM.Collect$$$$00002712  mc_w.l(entry2.o)
    0x08000100   0x00000024   Code   RO         2655    .text               startup_stm32f103xb.o
    0x08000124   0x00000020   Code   RO         2662    .text               mc_w.l(llushr.o)
    0x08000144   0x00000024   Code   RO         2678    .text               mc_w.l(init.o)
    0x08000168   0x00000002   Code   RO         2077    i.BusFault_Handler  stm32f1xx_it.o
    0x0800016a   0x0000003c   Code   RO         2408    i.CRC16             crc16.o
    0x080001a6   0x00000002   Code   RO         2078    i.DebugMon_Handler  stm32f1xx_it.o
    0x080001a8   0x00000006   Code   RO         2079    i.EXTI0_IRQHandler  stm32f1xx_it.o
    0x080001ae   0x00000002   PAD
    0x080001b0   0x000000b8   Code   RO         2435    i.Exe_Close_Lock    lockinfo.o
    0x08000268   0x00000148   Code   RO         2436    i.Exe_Open_Lock     lockinfo.o
    0x080003b0   0x00000024   Code   RO         1021    i.FLASH_MassErase   stm32f1xx_hal_flash_ex.o
    0x080003d4   0x00000024   Code   RO         1026    i.FLASH_PageErase   stm32f1xx_hal_flash_ex.o
    0x080003f8   0x0000001c   Code   RO          918    i.FLASH_Program_HalfWord  stm32f1xx_hal_flash.o
    0x08000414   0x00000044   Code   RO          919    i.FLASH_SetErrorCode  stm32f1xx_hal_flash.o
    0x08000458   0x00000054   Code   RO          920    i.FLASH_WaitForLastOperation  stm32f1xx_hal_flash.o
    0x080004ac   0x00000018   Code   RO         2619    i.Flash_Read_UserCode  user_flash.o
    0x080004c4   0x00000082   Code   RO         2620    i.Flash_Write_UserCode  user_flash.o
    0x08000546   0x00000010   Code   RO         2621    i.GetSector         user_flash.o
    0x08000556   0x00000016   Code   RO          364    i.HAL_Delay         stm32f1xx_hal.o
    0x0800056c   0x000000a8   Code   RO         1027    i.HAL_FLASHEx_Erase  stm32f1xx_hal_flash_ex.o
    0x08000614   0x00000014   Code   RO          924    i.HAL_FLASH_Lock    stm32f1xx_hal_flash.o
    0x08000628   0x00000080   Code   RO          929    i.HAL_FLASH_Program  stm32f1xx_hal_flash.o
    0x080006a8   0x00000024   Code   RO          931    i.HAL_FLASH_Unlock  stm32f1xx_hal_flash.o
    0x080006cc   0x0000000c   Code   RO         2270    i.HAL_GPIO_EXTI_Callback  main.o
    0x080006d8   0x00000018   Code   RO         1976    i.HAL_GPIO_EXTI_IRQHandler  stm32f1xx_hal_gpio.o
    0x080006f0   0x000001bc   Code   RO         1977    i.HAL_GPIO_Init     stm32f1xx_hal_gpio.o
    0x080008ac   0x0000000a   Code   RO         1979    i.HAL_GPIO_ReadPin  stm32f1xx_hal_gpio.o
    0x080008b6   0x00000008   Code   RO         1980    i.HAL_GPIO_TogglePin  stm32f1xx_hal_gpio.o
    0x080008be   0x0000000a   Code   RO         1981    i.HAL_GPIO_WritePin  stm32f1xx_hal_gpio.o
    0x080008c8   0x0000000c   Code   RO          368    i.HAL_GetTick       stm32f1xx_hal.o
    0x080008d4   0x00000010   Code   RO          369    i.HAL_IncTick       stm32f1xx_hal.o
    0x080008e4   0x00000024   Code   RO          370    i.HAL_Init          stm32f1xx_hal.o
    0x08000908   0x00000022   Code   RO          371    i.HAL_InitTick      stm32f1xx_hal.o
    0x0800092a   0x00000002   PAD
    0x0800092c   0x0000006c   Code   RO         2171    i.HAL_MspInit       stm32f1xx_hal_msp.o
    0x08000998   0x00000016   Code   RO          803    i.HAL_NVIC_EnableIRQ  stm32f1xx_hal_cortex.o
    0x080009ae   0x00000002   PAD
    0x080009b0   0x00000040   Code   RO          809    i.HAL_NVIC_SetPriority  stm32f1xx_hal_cortex.o
    0x080009f0   0x00000024   Code   RO          810    i.HAL_NVIC_SetPriorityGrouping  stm32f1xx_hal_cortex.o
    0x08000a14   0x00000288   Code   RO          217    i.HAL_RCC_ClockConfig  stm32f1xx_hal_rcc.o
    0x08000c9c   0x00000034   Code   RO          222    i.HAL_RCC_GetHCLKFreq  stm32f1xx_hal_rcc.o
    0x08000cd0   0x0000002c   Code   RO          224    i.HAL_RCC_GetPCLK1Freq  stm32f1xx_hal_rcc.o
    0x08000cfc   0x0000002c   Code   RO          225    i.HAL_RCC_GetPCLK2Freq  stm32f1xx_hal_rcc.o
    0x08000d28   0x00000088   Code   RO          226    i.HAL_RCC_GetSysClockFreq  stm32f1xx_hal_rcc.o
    0x08000db0   0x00000632   Code   RO          229    i.HAL_RCC_OscConfig  stm32f1xx_hal_rcc.o
    0x080013e2   0x00000018   Code   RO          812    i.HAL_SYSTICK_CLKSourceConfig  stm32f1xx_hal_cortex.o
    0x080013fa   0x00000002   Code   RO          813    i.HAL_SYSTICK_Callback  stm32f1xx_hal_cortex.o
    0x080013fc   0x00000028   Code   RO          814    i.HAL_SYSTICK_Config  stm32f1xx_hal_cortex.o
    0x08001424   0x00000008   Code   RO          815    i.HAL_SYSTICK_IRQHandler  stm32f1xx_hal_cortex.o
    0x0800142c   0x00000002   Code   RO          568    i.HAL_TIMEx_BreakCallback  stm32f1xx_hal_tim_ex.o
    0x0800142e   0x00000002   Code   RO          569    i.HAL_TIMEx_CommutationCallback  stm32f1xx_hal_tim_ex.o
    0x08001430   0x00000050   Code   RO          585    i.HAL_TIMEx_MasterConfigSynchronization  stm32f1xx_hal_tim_ex.o
    0x08001480   0x00000036   Code   RO         1345    i.HAL_TIM_Base_Init  stm32f1xx_hal_tim.o
    0x080014b6   0x00000002   PAD
    0x080014b8   0x00000060   Code   RO         2361    i.HAL_TIM_Base_MspInit  tim.o
    0x08001518   0x00000018   Code   RO         1350    i.HAL_TIM_Base_Start_IT  stm32f1xx_hal_tim.o
    0x08001530   0x0000002a   Code   RO         1353    i.HAL_TIM_Base_Stop_IT  stm32f1xx_hal_tim.o
    0x0800155a   0x000000f2   Code   RO         1354    i.HAL_TIM_ConfigClockSource  stm32f1xx_hal_tim.o
    0x0800164c   0x00000002   Code   RO         1374    i.HAL_TIM_IC_CaptureCallback  stm32f1xx_hal_tim.o
    0x0800164e   0x00000166   Code   RO         1387    i.HAL_TIM_IRQHandler  stm32f1xx_hal_tim.o
    0x080017b4   0x00000002   Code   RO         1390    i.HAL_TIM_OC_DelayElapsedCallback  stm32f1xx_hal_tim.o
    0x080017b6   0x00000002   Code   RO         1417    i.HAL_TIM_PWM_PulseFinishedCallback  stm32f1xx_hal_tim.o
    0x080017b8   0x0000002c   Code   RO         2271    i.HAL_TIM_PeriodElapsedCallback  main.o
    0x080017e4   0x00000002   Code   RO         1428    i.HAL_TIM_TriggerCallback  stm32f1xx_hal_tim.o
    0x080017e6   0x00000002   Code   RO         1118    i.HAL_UART_ErrorCallback  stm32f1xx_hal_uart.o
    0x080017e8   0x000000da   Code   RO         1121    i.HAL_UART_IRQHandler  stm32f1xx_hal_uart.o
    0x080018c2   0x0000005e   Code   RO         1122    i.HAL_UART_Init     stm32f1xx_hal_uart.o
    0x08001920   0x000000b0   Code   RO         2196    i.HAL_UART_MspInit  usart.o
    0x080019d0   0x0000006a   Code   RO         1127    i.HAL_UART_Receive_IT  stm32f1xx_hal_uart.o
    0x08001a3a   0x00000002   PAD
    0x08001a3c   0x00000048   Code   RO         2272    i.HAL_UART_RxCpltCallback  main.o
    0x08001a84   0x00000056   Code   RO         1132    i.HAL_UART_Transmit_IT  stm32f1xx_hal_uart.o
    0x08001ada   0x00000002   PAD
    0x08001adc   0x0000000c   Code   RO         2273    i.HAL_UART_TxCpltCallback  main.o
    0x08001ae8   0x00000002   Code   RO         2080    i.HardFault_Handler  stm32f1xx_it.o
    0x08001aea   0x00000002   PAD
    0x08001aec   0x00000098   Code   RO         2437    i.LockClosedFunc    lockinfo.o
    0x08001b84   0x00000090   Code   RO         2438    i.LockOpenFunc      lockinfo.o
    0x08001c14   0x00000088   Code   RO         2439    i.Lock_Init         lockinfo.o
    0x08001c9c   0x000000f0   Code   RO         2246    i.MX_GPIO_Init      gpio.o
    0x08001d8c   0x00000016   Code   RO         2274    i.MX_NVIC_Init      main.o
    0x08001da2   0x00000002   PAD
    0x08001da4   0x00000044   Code   RO         2362    i.MX_TIM2_Init      tim.o
    0x08001de8   0x00000048   Code   RO         2363    i.MX_TIM3_Init      tim.o
    0x08001e30   0x00000028   Code   RO         2197    i.MX_USART1_UART_Init  usart.o
    0x08001e58   0x00000028   Code   RO         2198    i.MX_USART2_UART_Init  usart.o
    0x08001e80   0x00000038   Code   RO         2440    i.Mag_Lock_Singal_Out  lockinfo.o
    0x08001eb8   0x00000002   Code   RO         2081    i.MemManage_Handler  stm32f1xx_it.o
    0x08001eba   0x00000002   Code   RO         2082    i.NMI_Handler       stm32f1xx_it.o
    0x08001ebc   0x00000020   Code   RO          816    i.NVIC_SetPriority  stm32f1xx_hal_cortex.o
    0x08001edc   0x00000088   Code   RO         2441    i.NewStationFunc    lockinfo.o
    0x08001f64   0x00000004   Code   RO         2442    i.ReadDoorLockStaFunc  lockinfo.o
    0x08001f68   0x00000048   Code   RO         2443    i.ReadDoorLockState  lockinfo.o
    0x08001fb0   0x0000005c   Code   RO         2523    i.SavingUSART1RecCmd_To_Memory  user_usart.o
    0x0800200c   0x0000005c   Code   RO         2524    i.SavingUSART1RecCmd_To_Memory_Handle  user_usart.o
    0x08002068   0x0000005c   Code   RO         2525    i.SavingUSART2RecCmd_To_Memory  user_usart.o
    0x080020c4   0x0000005c   Code   RO         2526    i.SavingUSART2RecCmd_To_Memory_Handle  user_usart.o
    0x08002120   0x00000024   Code   RO         2527    i.SavingUSARTxRecCmd_Buff_To_Memory  user_usart.o
    0x08002144   0x0000000e   Code   RO         2083    i.SysTick_Handler   stm32f1xx_it.o
    0x08002152   0x0000005c   Code   RO         2275    i.SystemClock_Config  main.o
    0x080021ae   0x00000002   PAD
    0x080021b0   0x00000048   Code   RO         2041    i.SystemInit        system_stm32f1xx.o
    0x080021f8   0x0000000c   Code   RO         2084    i.TIM2_IRQHandler   stm32f1xx_it.o
    0x08002204   0x0000000c   Code   RO         2085    i.TIM3_IRQHandler   stm32f1xx_it.o
    0x08002210   0x00000064   Code   RO         1429    i.TIM_Base_SetConfig  stm32f1xx_hal_tim.o
    0x08002274   0x00000014   Code   RO         1436    i.TIM_ETR_SetConfig  stm32f1xx_hal_tim.o
    0x08002288   0x00000010   Code   RO         1437    i.TIM_ITRx_SetConfig  stm32f1xx_hal_tim.o
    0x08002298   0x00000022   Code   RO         1443    i.TIM_TI1_ConfigInputStage  stm32f1xx_hal_tim.o
    0x080022ba   0x00000024   Code   RO         1445    i.TIM_TI2_ConfigInputStage  stm32f1xx_hal_tim.o
    0x080022de   0x00000002   PAD
    0x080022e0   0x000000a8   Code   RO         1140    i.UART_Receive_IT   stm32f1xx_hal_uart.o
    0x08002388   0x000000e0   Code   RO         1141    i.UART_SetConfig    stm32f1xx_hal_uart.o
    0x08002468   0x00000066   Code   RO         1142    i.UART_Transmit_IT  stm32f1xx_hal_uart.o
    0x080024ce   0x00000002   PAD
    0x080024d0   0x00000058   Code   RO         2528    i.USART1Checked_MemoryVali_Handle  user_usart.o
    0x08002528   0x00000128   Code   RO         2529    i.USART1Cmd_Analys_Func  user_usart.o
    0x08002650   0x00000064   Code   RO         2530    i.USART1Cmd_Analys_Handle  user_usart.o
    0x080026b4   0x0000000c   Code   RO         2086    i.USART1_IRQHandler  stm32f1xx_it.o
    0x080026c0   0x00000058   Code   RO         2531    i.USART2Checked_MemoryVali_Handle  user_usart.o
    0x08002718   0x00000124   Code   RO         2532    i.USART2Cmd_Analys_Func  user_usart.o
    0x0800283c   0x00000064   Code   RO         2533    i.USART2Cmd_Analys_Handle  user_usart.o
    0x080028a0   0x0000000c   Code   RO         2087    i.USART2_IRQHandler  stm32f1xx_it.o
    0x080028ac   0x00000002   Code   RO         2088    i.UsageFault_Handler  stm32f1xx_it.o
    0x080028ae   0x0000000e   Code   RO         2682    i.__scatterload_copy  mc_w.l(handlers.o)
    0x080028bc   0x00000002   Code   RO         2683    i.__scatterload_null  mc_w.l(handlers.o)
    0x080028be   0x0000000e   Code   RO         2684    i.__scatterload_zeroinit  mc_w.l(handlers.o)
    0x080028cc   0x0000019c   Code   RO         2276    i.main              main.o
    0x08002a68   0x00000010   Data   RO          230    .constdata          stm32f1xx_hal_rcc.o
    0x08002a78   0x0000000e   Data   RO         2445    .constdata          lockinfo.o
    0x08002a86   0x00000002   PAD
    0x08002a88   0x00000020   Data   RO         2680    Region$$Table       anon$$obj.o


    Execution Region RW_IRAM1 (Base: 0x20000000, Size: 0x00000698, Max: 0x00005000, ABSOLUTE)

    Base Addr    Size         Type   Attr      Idx    E Section Name        Object

    0x20000000   0x00000004   Data   RW          376    .data               stm32f1xx_hal.o
    0x20000004   0x00000004   Data   RW         2043    .data               system_stm32f1xx.o
    0x20000008   0x00000007   Data   RW         2278    .data               main.o
    0x2000000f   0x00000009   Data   RW         2446    .data               lockinfo.o
    0x20000018   0x00000088   Data   RW         2535    .data               user_usart.o
    0x200000a0   0x00000006   Data   RW         2536    .data               user_usart.o
    0x200000a6   0x00000002   PAD
    0x200000a8   0x00000020   Zero   RW          932    .bss                stm32f1xx_hal_flash.o
    0x200000c8   0x00000080   Zero   RW         2199    .bss                usart.o
    0x20000148   0x00000078   Zero   RW         2364    .bss                tim.o
    0x200001c0   0x0000000c   Zero   RW         2444    .bss                lockinfo.o
    0x200001cc   0x000000c8   Zero   RW         2534    .bss                user_usart.o
    0x20000294   0x00000004   PAD
    0x20000298   0x00000400   Zero   RW         2652    STACK               startup_stm32f103xb.o


==============================================================================

Image component sizes


      Code (inc. data)   RO Data    RW Data    ZI Data      Debug   Object Name

        60          0          0          0          0       1564   crc16.o
       240         20          0          0          0       1007   gpio.o
      1212        108         14          9         12       9471   lockinfo.o
       666        114          0          7          0       7346   main.o
        36          8        236          0       1024        788   startup_stm32f103xb.o
       120         16          0          4          0       3730   stm32f1xx_hal.o
       228         14          0          0          0      27549   stm32f1xx_hal_cortex.o
       364         46          0          0         32       4790   stm32f1xx_hal_flash.o
       240         26          0          0          0       3377   stm32f1xx_hal_flash_ex.o
       496         42          0          0          0       4951   stm32f1xx_hal_gpio.o
       108         10          0          0          0        870   stm32f1xx_hal_msp.o
         0          0          0          0          0     260084   stm32f1xx_hal_pwr.o
      2510         86         16          0          0       6316   stm32f1xx_hal_rcc.o
       934         14          0          0          0      10238   stm32f1xx_hal_tim.o
        84          0          0          0          0       2398   stm32f1xx_hal_tim_ex.o
      1000          4          0          0          0       6604   stm32f1xx_hal_uart.o
        80         24          0          0          0       5314   stm32f1xx_it.o
        72         16          0          4          0       1385   system_stm32f1xx.o
       236         24          0          0        120       2307   tim.o
       256         34          0          0        128       2191   usart.o
       170          0          0          0          0       2705   user_flash.o
      1368         74          0        142        200      11981   user_usart.o

    ----------------------------------------------------------------------
     10502        680        300        168       1520     376966   Object Totals
         0          0         32          0          0          0   (incl. Generated)
        22          0          2          2          4          0   (incl. Padding)

    ----------------------------------------------------------------------

      Code (inc. data)   RO Data    RW Data    ZI Data      Debug   Library Member Name

         0          0          0          0          0          0   entry.o
         0          0          0          0          0          0   entry10a.o
         0          0          0          0          0          0   entry11a.o
         8          4          0          0          0          0   entry2.o
         4          0          0          0          0          0   entry5.o
         0          0          0          0          0          0   entry7b.o
         0          0          0          0          0          0   entry8b.o
         8          4          0          0          0          0   entry9a.o
        30          0          0          0          0          0   handlers.o
        36          8          0          0          0         68   init.o
        32          0          0          0          0         68   llushr.o

    ----------------------------------------------------------------------
       118         16          0          0          0        136   Library Totals
         0          0          0          0          0          0   (incl. Padding)

    ----------------------------------------------------------------------

      Code (inc. data)   RO Data    RW Data    ZI Data      Debug   Library Name

       118         16          0          0          0        136   mc_w.l

    ----------------------------------------------------------------------
       118         16          0          0          0        136   Library Totals

    ----------------------------------------------------------------------

==============================================================================


      Code (inc. data)   RO Data    RW Data    ZI Data      Debug   

     10620        696        300        168       1520     371742   Grand Totals
     10620        696        300        168       1520     371742   ELF Image Totals
     10620        696        300        168          0          0   ROM Totals

==============================================================================

    Total RO  Size (Code + RO Data)                10920 (  10.66kB)
    Total RW  Size (RW Data + ZI Data)              1688 (   1.65kB)
    Total ROM Size (Code + RO Data + RW Data)      11088 (  10.83kB)

==============================================================================

